[doj.gov.in/index.html]
[backblue.gif]
[fade.gif]
[index.html]
[doj.gov.in/wp-content/themes/sdo-theme/css/print.css]
[doj.gov.in/wp-includes/css/dist/block-library/style.minb6a4.css]
[doj.gov.in/wp-content/plugins/common_utility/css/extra.features4963.css]
[doj.gov.in/wp-content/plugins/contact-form-7/includes/css/styles9dff.css]
[doj.gov.in/wp-content/plugins/parichay-sso/css/login4963.css]
[doj.gov.in/wp-content/themes/sdo-theme/css/baseb6a4.css]
[doj.gov.in/wp-content/plugins/awaas-metaboxes/assets/css/jquery.ui.datepicker5152.css]
[doj.gov.in/wp-content/themes/sdo-theme/css/addons/sliderhelperb6a4.css]
[doj.gov.in/wp-content/themes/sdo-theme/styleb6a4.css]
[doj.gov.in/wp-content/plugins/js_composer/assets/css/js_composer.min9c09.css]
[doj.gov.in/wp-content/plugins/awaas-accessibility/css/font-awesomeb6a4.css]
[doj.gov.in/wp-content/themes/sdo-theme/js/jquery.min5aed.js]
[doj.gov.in/wp-content/themes/sdo-theme/js/jquery-migrate.min5589.js]
[doj.gov.in/wp-content/plugins/awaas-accessibility/js/externalb6a4.js]
[doj.gov.in/wp-content/plugins/awaas-accessibility/js/accessibilityb6a4.js]
[doj.gov.in/sitemap/index.html]
[doj.gov.in/help/index.html]
[doj.gov.in/hi/index.html]
[cdnbbsr.s3waas.gov.in/s35d6646aad9bcc0be55b2c82f69750387/uploads/2022/11/2022112837.png]
[cdnbbsr.s3waas.gov.in/s35d6646aad9bcc0be55b2c82f69750387/uploads/2021/08/2021081941.png]
[cdnbbsr.s3waas.gov.in/s35d6646aad9bcc0be55b2c82f69750387/uploads/2023/02/2023020229-scaled.jpg]
[cdnbbsr.s3waas.gov.in/s35d6646aad9bcc0be55b2c82f69750387/uploads/2024/02/20240216306471678-scaled.jpg]
[cdnbbsr.s3waas.gov.in/s35d6646aad9bcc0be55b2c82f69750387/uploads/2024/02/20240216819284332-scaled.jpg]
[doj.gov.in/history/index.html]
[cdnbbsr.s3waas.gov.in/s35d6646aad9bcc0be55b2c82f69750387/uploads/2024/02/20240216199630495-scaled.jpg]
[cdnbbsr.s3waas.gov.in/s35d6646aad9bcc0be55b2c82f69750387/uploads/2024/07/202407081883513885-scaled.jpg]
[cdnbbsr.s3waas.gov.in/s35d6646aad9bcc0be55b2c82f69750387/uploads/2024/09/202409171424540459.jpg]
[cdnbbsr.s3waas.gov.in/s35d6646aad9bcc0be55b2c82f69750387/uploads/2024/08/202408121570410078.jpg]
[doj.gov.in/about-department/index.html]
[cdnbbsr.s3waas.gov.in/s35d6646aad9bcc0be55b2c82f69750387/uploads/2024/08/20240812260380056.jpg]
[cdnbbsr.s3waas.gov.in/s35d6646aad9bcc0be55b2c82f69750387/uploads/2024/07/202407191880214387.jpg]
[cdnbbsr.s3waas.gov.in/s35d6646aad9bcc0be55b2c82f69750387/uploads/2024/07/202407191862970333.jpg]
[doj.gov.in/about-department/vision-and-mission/index.html]
[cdnbbsr.s3waas.gov.in/s35d6646aad9bcc0be55b2c82f69750387/uploads/2024/05/202405011121766958.jpg]
[doj.gov.in/about-department/function-of-department/index.html]
[cdnbbsr.s3waas.gov.in/s35d6646aad9bcc0be55b2c82f69750387/uploads/2024/01/202401311543871369.png]
[doj.gov.in/about-department/administrative-setup/index.html]
[cdnbbsr.s3waas.gov.in/s35d6646aad9bcc0be55b2c82f69750387/uploads/2024/01/202401311470908657.png]
[doj.gov.in/organization-chart/index.html]
[cdnbbsr.s3waas.gov.in/s35d6646aad9bcc0be55b2c82f69750387/uploads/2024/01/20240131471352285.png]
[cdnbbsr.s3waas.gov.in/s35d6646aad9bcc0be55b2c82f69750387/uploads/2024/01/20240131966037086.png]
[cdnbbsr.s3waas.gov.in/s35d6646aad9bcc0be55b2c82f69750387/uploads/2024/01/202401312002265944.png]
[cdnbbsr.s3waas.gov.in/s35d6646aad9bcc0be55b2c82f69750387/uploads/2024/09/20240917320773720.jpg]
[doj.gov.in/whos-who/index.html]
[cdnbbsr.s3waas.gov.in/s35d6646aad9bcc0be55b2c82f69750387/uploads/2023/09/202309151219423241.jpg]
[cdnbbsr.s3waas.gov.in/s35d6646aad9bcc0be55b2c82f69750387/uploads/2022/04/2022040526.png]
[doj.gov.in/monthly-achievements-month-wise/index.html]
[cdnbbsr.s3waas.gov.in/s35d6646aad9bcc0be55b2c82f69750387/uploads/2022/11/2022111071.jpg]
[cdnbbsr.s3waas.gov.in/s35d6646aad9bcc0be55b2c82f69750387/uploads/2022/10/2022101051.jpg]
[cdnbbsr.s3waas.gov.in/s35d6646aad9bcc0be55b2c82f69750387/uploads/2023/05/2023051656.png]
[cdnbbsr.s3waas.gov.in/s35d6646aad9bcc0be55b2c82f69750387/uploads/2021/08/2021081324.jpg]
[doj.gov.in/citizens-charter/index.html]
[cdnbbsr.s3waas.gov.in/s35d6646aad9bcc0be55b2c82f69750387/uploads/2021/08/2021081383.jpg]
[cdnbbsr.s3waas.gov.in/s35d6646aad9bcc0be55b2c82f69750387/uploads/2021/08/2021081326.jpg]
[cdnbbsr.s3waas.gov.in/s35d6646aad9bcc0be55b2c82f69750387/uploads/2022/02/2022022392.jpg]
[cdnbbsr.s3waas.gov.in/s35d6646aad9bcc0be55b2c82f69750387/uploads/2023/05/2023051977.png]
[cdnbbsr.s3waas.gov.in/s35d6646aad9bcc0be55b2c82f69750387/uploads/2022/03/2022030381.png]
[doj.gov.in/acts-and-rules/index.html]
[cdnbbsr.s3waas.gov.in/s35d6646aad9bcc0be55b2c82f69750387/uploads/2022/03/2022030397.png]
[cdnbbsr.s3waas.gov.in/s35d6646aad9bcc0be55b2c82f69750387/uploads/2022/03/2022030380.png]
[cdnbbsr.s3waas.gov.in/s35d6646aad9bcc0be55b2c82f69750387/uploads/2023/09/202309051374752265.png]
[cdnbbsr.s3waas.gov.in/s35d6646aad9bcc0be55b2c82f69750387/uploads/2022/03/2022030365.png]
[doj.gov.in/website-information-manager/index.html]
[cdnbbsr.s3waas.gov.in/s35d6646aad9bcc0be55b2c82f69750387/uploads/2022/03/2022030347.png]
[cdnbbsr.s3waas.gov.in/s35d6646aad9bcc0be55b2c82f69750387/uploads/2022/03/2022030344.png]
[cdnbbsr.s3waas.gov.in/s35d6646aad9bcc0be55b2c82f69750387/uploads/2022/03/2022030366.png]
[cdnbbsr.s3waas.gov.in/s35d6646aad9bcc0be55b2c82f69750387/uploads/2022/03/2022030348.png]
[cdnbbsr.s3waas.gov.in/s35d6646aad9bcc0be55b2c82f69750387/uploads/2022/03/20220303100.png]
[doj.gov.in/latest-orders-of-appointment-transfer-etc/index.html]
[cdnbbsr.s3waas.gov.in/s35d6646aad9bcc0be55b2c82f69750387/uploads/2024/09/202409191096909870-1024x684.jpg]
[cdnbbsr.s3waas.gov.in/s35d6646aad9bcc0be55b2c82f69750387/uploads/bfi_thumb/202409191096909870-quc1shp45znxz72npe55j3f9oxptmp4m2rrrryg59g.jpg]
[cdnbbsr.s3waas.gov.in/s35d6646aad9bcc0be55b2c82f69750387/uploads/2024/09/20240919479960950-1024x684.jpg]
[cdnbbsr.s3waas.gov.in/s35d6646aad9bcc0be55b2c82f69750387/uploads/bfi_thumb/20240919479960950-quc1slggxbt39mx73frnt2h42h7ahhjjfadpp2akkk.jpg]
[doj.gov.in/memorandum-of-procedure-of-appointment-of-supreme-court-judges/index.html]
[cdnbbsr.s3waas.gov.in/s35d6646aad9bcc0be55b2c82f69750387/uploads/2024/09/202409192059067586-1024x684.jpg]
[cdnbbsr.s3waas.gov.in/s35d6646aad9bcc0be55b2c82f69750387/uploads/bfi_thumb/202409192059067586-quc1rrdmumnwy44vz2rlla2d25bjn684n5i6c7j63o.jpg]
[cdnbbsr.s3waas.gov.in/s35d6646aad9bcc0be55b2c82f69750387/uploads/2024/09/20240919560575708-1024x684.jpg]
[cdnbbsr.s3waas.gov.in/s35d6646aad9bcc0be55b2c82f69750387/uploads/bfi_thumb/20240919560575708-quc1rhz8yab1q0ijhypbwcfr4alvi76t9uzbjfx3tw.jpg]
[doj.gov.in/memorandum-of-procedure-of-appointment-of-high-court-judges/index.html]
[cdnbbsr.s3waas.gov.in/s35d6646aad9bcc0be55b2c82f69750387/uploads/2024/09/202409191217171763-1024x684.jpg]
[cdnbbsr.s3waas.gov.in/s35d6646aad9bcc0be55b2c82f69750387/uploads/bfi_thumb/202409191217171763-quc1sb48u5expxc7rtarjn31j8m94tehpv7df0pwh0.jpg]
[cdnbbsr.s3waas.gov.in/s35d6646aad9bcc0be55b2c82f69750387/uploads/2024/09/20240919699540509-1024x575.jpg]
[cdnbbsr.s3waas.gov.in/s35d6646aad9bcc0be55b2c82f69750387/uploads/bfi_thumb/20240919699540509-quc37rs50lv3dcl49k4fk5kkdoypk8pfsl1ebeext0.jpg]
[doj.gov.in/list-of-high-court-judges/index.html]
[cdnbbsr.s3waas.gov.in/s35d6646aad9bcc0be55b2c82f69750387/uploads/2024/09/20240919220626888-1024x575.jpg]
[cdnbbsr.s3waas.gov.in/s35d6646aad9bcc0be55b2c82f69750387/uploads/bfi_thumb/20240919220626888-quc37vjhry08nsfnnlqxu4mer8g6f14d53nc8i9d44.jpg]
[cdnbbsr.s3waas.gov.in/s35d6646aad9bcc0be55b2c82f69750387/uploads/2024/09/20240919439682614-1024x575.jpg]
[doj.gov.in/vacancy-position/index.html]
[doj.gov.in/pay-allowance/index.html]
[cdnbbsr.s3waas.gov.in/s35d6646aad9bcc0be55b2c82f69750387/uploads/bfi_thumb/20240919439682614-quc37spz7fwdoyjr42j24nc0z2u2rxt64povsodjms.jpg]
[doj.gov.in/first-national-judicial-pay-commission/index.html]
[cdnbbsr.s3waas.gov.in/s35d6646aad9bcc0be55b2c82f69750387/uploads/2024/09/20240919728983471-1024x575.jpg]
[doj.gov.in/second-national-judicial-pay-commission/index.html]
[cdnbbsr.s3waas.gov.in/s35d6646aad9bcc0be55b2c82f69750387/uploads/bfi_thumb/20240919728983471-quc37tnte9xo0kidykxop53hkgpfzmwwgucd9yc5gk.jpg]
[cdnbbsr.s3waas.gov.in/s35d6646aad9bcc0be55b2c82f69750387/uploads/2024/09/202409191548113071-1024x575.jpg]
[doj.gov.in/mou-signed-with-other-countries/index.html]
[doj.gov.in/pecuniary-jurisdiction-of-delhi-district-courts/index.html]
[cdnbbsr.s3waas.gov.in/s35d6646aad9bcc0be55b2c82f69750387/uploads/bfi_thumb/202409191548113071-quc37quatrtt1qmhf1psznt3sb3ccjlpggdwu4gbz8.jpg]
[doj.gov.in/use-of-hindi-and-regional-languages/index.html]
[cdnbbsr.s3waas.gov.in/s35d6646aad9bcc0be55b2c82f69750387/uploads/bfi_thumb/2019032275-qnwxcqxc55mq29zmc801545c5zi6zvom4k1pe97hm0.png]
[cdnbbsr.s3waas.gov.in/s35d6646aad9bcc0be55b2c82f69750387/uploads/bfi_thumb/2019032251-qnwxcqxc55mq29zmc801545c5zi6zvom4k1pe97hm0.png]
[cdnbbsr.s3waas.gov.in/s35d6646aad9bcc0be55b2c82f69750387/uploads/bfi_thumb/2023062719-qnwyshxgesh19eti5lalf20xjoforz4lwp22koh71k.png]
[doj.gov.in/redressal-of-public-grievances/index.html]
[cdnbbsr.s3waas.gov.in/s35d6646aad9bcc0be55b2c82f69750387/uploads/bfi_thumb/2019052222-qnwxcuoowhrvcpu5q9mjf376jiznuo3jh2nnbd1wx4.png]
[cdnbbsr.s3waas.gov.in/s35d6646aad9bcc0be55b2c82f69750387/uploads/bfi_thumb/2023013057-qnwylg515itm6p25bjlbpu2h5n6l1p52xswyzyxhpk.jpg]
[cdnbbsr.s3waas.gov.in/s35d6646aad9bcc0be55b2c82f69750387/uploads/bfi_thumb/2022111056-qnwyjdvs5lzypi20d5hsqut287cl5lyabldm33zld4.png]
[doj.gov.in/guidelines-of-grievances/index.html]
[cdnbbsr.s3waas.gov.in/s35d6646aad9bcc0be55b2c82f69750387/uploads/bfi_thumb/2019052265-qnwxcuoowhrvcpu5q9mjf376jiznuo3jh2nnbd1wx4.png]
[cdnbbsr.s3waas.gov.in/s35d6646aad9bcc0be55b2c82f69750387/uploads/bfi_thumb/2019032217-qnwxcqxc55mq29zmc801545c5zi6zvom4k1pe97hm0.png]
[cdnbbsr.s3waas.gov.in/s35d6646aad9bcc0be55b2c82f69750387/uploads/bfi_thumb/2019041050-qnwxctqupnql13vivr7wulfpy54amyzt4y05u33b3c.png]
[doj.gov.in/wp-content/plugins/common_utility/images/certified-logo.png]
[doj.gov.in/wp-content/themes/sdo-theme/images/s3waas.png]
[doj.gov.in/fast-track-special-court-ftscs/index.html]
[doj.gov.in/wp-content/themes/sdo-theme/images/nicLogo.png]
[doj.gov.in/wp-content/themes/sdo-theme/images/digitalIndia.png]
[doj.gov.in/wp-content/plugins/js_composer/assets/lib/flexslider/flexslider.min9c09.css]
[doj.gov.in/special-courts-for-mp-mla/index.html]
[doj.gov.in/wp-content/plugins/awas-shortcode/assets/css/custom-flexsliderb6a4.css]
[doj.gov.in/wp-content/plugins/awas-shortcode/assets/css/news-tickerb6a4.css]
[doj.gov.in/wp-content/plugins/awas-shortcode/assets/css/list-style.minb6a4.css]
[doj.gov.in/sanctions-2/index.html]
[doj.gov.in/wp-content/plugins/awas-shortcode/assets/css/component-helperb6a4.css]
[doj.gov.in/wp-content/plugins/awas-shortcode/assets/css/profile-hmb6a4.css]
[doj.gov.in/wp-content/plugins/awas-shortcode/assets/css/cardb6a4.css]
[doj.gov.in/fast-track-courts/index.html]
[doj.gov.in/wp-content/plugins/awas-shortcode/assets/css/ad-bannerb6a4.css]
[doj.gov.in/family-court/index.html]
[doj.gov.in/wp-content/plugins/awas-shortcode/assets/css/photo-gallery-homeb6a4.css]
[doj.gov.in/wp-content/plugins/awas-shortcode/assets/css/footer-logo-carouselb6a4.css]
[doj.gov.in/wp-content/plugins/common_utility/js/common4963.js]
[doj.gov.in/national-judicial-academy-5/index.html]
[doj.gov.in/wp-content/themes/sdo-theme/js/core.min5aed.js]
[doj.gov.in/wp-includes/js/jquery/ui/datepicker.minb37e.js]
[doj.gov.in/wp-content/themes/sdo-theme/js/jquery.flexslider4963.js]
[doj.gov.in/wp-content/themes/sdo-theme/js/easyResponsiveTabs4963.js]
[doj.gov.in/vision-document/index.html]
[doj.gov.in/wp-content/themes/sdo-theme/js/jquery.fancybox4963.js]
[doj.gov.in/wp-content/themes/sdo-theme/js/style.switcher4963.js]
[doj.gov.in/wp-content/themes/sdo-theme/js/menu4963.js]
[doj.gov.in/advisory-council/index.html]
[doj.gov.in/wp-content/themes/sdo-theme/js/table.min4963.js]
[doj.gov.in/wp-content/themes/sdo-theme/js/custom4963.js]
[doj.gov.in/wp-content/themes/sdo-theme/js/extra4963.js]
[doj.gov.in/wp-content/plugins/js_composer/assets/js/dist/js_composer_front.min9c09.js]
[doj.gov.in/scheme-for-action-research-and-studies-on-judicial-reforms-5/index.html]
[doj.gov.in/wp-content/plugins/js_composer/assets/lib/flexslider/jquery.flexslider.min9c09.js]
[doj.gov.in/index.html]
[doj.gov.in/xmlrpc.html]
[doj.gov.in/wp-content/themes/sdo-theme/css/print.css]
[doj.gov.in/wp-content/plugins/awas-shortcode/assets/js/twitter-widgets8a54.js]
[doj.gov.in/wp-includes/css/dist/block-library/style.minb6a4.css]
[doj.gov.in/ecourts-mmp-ecourts-achievements-computerization-and-wan-connectivity/index.html]
[doj.gov.in/phase-iii/index.html]
[doj.gov.in/wp-content/plugins/common_utility/css/extra.features4963.css]
[doj.gov.in/cis-and-covid-management-software-patch/index.html]
[doj.gov.in/the-national-judicial-data-grid-njdg/index.html]
[doj.gov.in/video-conferencing/index.html]
[doj.gov.in/virtual-courts/index.html]
[doj.gov.in/live-streaming/index.html]
[doj.gov.in/wp-content/plugins/contact-form-7/assets/ajax-loader.gif]
[doj.gov.in/wp-content/plugins/contact-form-7/includes/css/styles9dff.css]
[doj.gov.in/e-payments/index.html]
[doj.gov.in/wp-content/plugins/parichay-sso/img/corner.png]
[doj.gov.in/wp-content/plugins/parichay-sso/css/login4963.css]
[doj.gov.in/efiling/index.html]
[doj.gov.in/ecourt-services/index.html]
[doj.gov.in/wp-content/themes/sdo-theme/fonts/DXI1ORHCpsQm3Vp6mXoaTegdm0LZdjqr5-oayXSOefg.woff2]
[doj.gov.in/esewa-kendra/index.html]
[doj.gov.in/wp-content/themes/sdo-theme/fonts/DXI1ORHCpsQm3Vp6mXoaTXhCUOGz7vYGh680lGh-uXM.woff]
[doj.gov.in/judgment-search-portal/index.html]
[doj.gov.in/wp-content/themes/sdo-theme/fonts/cJZKeOuBrn4kERxqtaUH3VtXRa8TVwTICgirnJhmVJw.woff2]
[doj.gov.in/wp-content/themes/sdo-theme/fonts/cJZKeOuBrn4kERxqtaUH3T8E0i7KZn-EPnyo3HZu7kw.woff]
[doj.gov.in/national-service-and-tracking-of-electronic-processes-nstep/index.html]
[doj.gov.in/wp-content/themes/sdo-theme/fonts/MTP_ySUJH_bn48VBG8sNSugdm0LZdjqr5-oayXSOefg.woff2]
[doj.gov.in/wp-content/themes/sdo-theme/fonts/MTP_ySUJH_bn48VBG8sNSnhCUOGz7vYGh680lGh-uXM.woff]
[doj.gov.in/wp-content/themes/sdo-theme/fonts/k3k702ZOKiLJc3WVjuplzOgdm0LZdjqr5-oayXSOefg.woff2]
[doj.gov.in/wp-content/themes/sdo-theme/fonts/k3k702ZOKiLJc3WVjuplzHhCUOGz7vYGh680lGh-uXM.woff]
[doj.gov.in/wp-content/themes/sdo-theme/fonts/EInbV5DfGHOiMmvb1Xr-hugdm0LZdjqr5-oayXSOefg.woff2]
[doj.gov.in/wp-content/themes/sdo-theme/fonts/EInbV5DfGHOiMmvb1Xr-hnhCUOGz7vYGh680lGh-uXM.woff]
[doj.gov.in/justice-clock/index.html]
[doj.gov.in/wp-content/themes/sdo-theme/fonts/icomooncb5a.eot]
[doj.gov.in/wp-content/themes/sdo-theme/fonts/icomooncb5a.ttf]
[doj.gov.in/wp-content/themes/sdo-theme/fonts/icomooncb5a.woff]
[doj.gov.in/wp-content/themes/sdo-theme/fonts/roboto-black-webfont.woff2]
[doj.gov.in/secure-scalable-sugamya-website-as-a-service-s3waas/index.html]
[doj.gov.in/wp-content/themes/sdo-theme/fonts/roboto-black-webfont.woff]
[doj.gov.in/wp-content/themes/sdo-theme/fonts/roboto-bold-webfont.woff2]
[doj.gov.in/wp-content/themes/sdo-theme/fonts/roboto-bold-webfont.woff]
[doj.gov.in/wp-content/themes/sdo-theme/fonts/robotocondensed-regular-webfont.woff2]
[doj.gov.in/digitization-of-records/index.html]
[doj.gov.in/wp-content/themes/sdo-theme/fonts/robotocondensed-regular-webfont.woff]
[doj.gov.in/wp-content/themes/sdo-theme/fonts/roboto-light-webfont.woff2]
[doj.gov.in/wp-content/themes/sdo-theme/fonts/roboto-light-webfont.woff]
[doj.gov.in/wp-content/themes/sdo-theme/fonts/roboto-medium-webfont.woff2]
[doj.gov.in/wp-content/themes/sdo-theme/fonts/roboto-medium-webfont.woff]
[doj.gov.in/information-education-communication-iec/index.html]
[doj.gov.in/wp-content/themes/sdo-theme/fonts/roboto-regular-webfont.woff2]
[doj.gov.in/wp-content/themes/sdo-theme/fonts/roboto-regular-webfont.woff]
[doj.gov.in/wp-content/themes/sdo-theme/fonts/roboto-thin-webfont.woff2]
[doj.gov.in/wp-content/themes/sdo-theme/fonts/roboto-thin-webfont.woff]
[doj.gov.in/awards-and-recognition/index.html]
[doj.gov.in/wp-content/themes/sdo-theme/fonts/raleway-bold-webfont.woff2]
[doj.gov.in/training-and-awareness-programs/index.html]
[doj.gov.in/wp-content/themes/sdo-theme/fonts/raleway-bold-webfont.woff]
[doj.gov.in/wp-content/themes/sdo-theme/fonts/raleway-extrabold-webfont.woff2]
[doj.gov.in/wp-content/themes/sdo-theme/fonts/raleway-extrabold-webfont.woff]
[doj.gov.in/designing-innovative-solutions-for-holistic-access-to-justice-disha/index.html]
[doj.gov.in/wp-content/themes/sdo-theme/fonts/raleway-italic-webfont.woff2]
[doj.gov.in/wp-content/themes/sdo-theme/fonts/raleway-italic-webfont.woff]
[doj.gov.in/wp-content/themes/sdo-theme/fonts/raleway-light-webfont.woff2]
[doj.gov.in/wp-content/themes/sdo-theme/fonts/raleway-light-webfont.woff]
[doj.gov.in/wp-content/themes/sdo-theme/fonts/raleway-medium-webfont.woff2]
[doj.gov.in/about/index.html]
[doj.gov.in/wp-content/themes/sdo-theme/fonts/raleway-medium-webfont.woff]
[doj.gov.in/wp-content/themes/sdo-theme/fonts/raleway-regular-webfont.woff2]
[doj.gov.in/wp-content/themes/sdo-theme/fonts/raleway-regular-webfont.woff]
[doj.gov.in/nyaya-bandhu-activities/index.html]
[doj.gov.in/wp-content/themes/sdo-theme/fonts/raleway-semibold-webfont.woff2]
[doj.gov.in/wp-content/themes/sdo-theme/fonts/raleway-semibold-webfont.woff]
[doj.gov.in/wp-content/themes/sdo-theme/fonts/raleway-thin-webfont.woff2]
[doj.gov.in/wp-content/themes/sdo-theme/fonts/raleway-thin-webfont.woff]
[doj.gov.in/wp-content/themes/sdo-theme/fonts/ptf55f-webfont.woff2]
[doj.gov.in/wp-content/themes/sdo-theme/fonts/ptf55f-webfont.woff]
[doj.gov.in/legal-literacy-legal-awareness/index.html]
[doj.gov.in/wp-content/themes/sdo-theme/fonts/ptf75f-webfont.woff2]
[doj.gov.in/wp-content/themes/sdo-theme/fonts/ptf75f-webfont.woff]
[doj.gov.in/wp-content/themes/sdo-theme/fonts/sourceserifpro-bold-webfont.woff2]
[doj.gov.in/wp-content/themes/sdo-theme/fonts/sourceserifpro-bold-webfont.woff]
[doj.gov.in/wp-content/themes/sdo-theme/fonts/sourceserifpro-regular-webfont.woff2]
[doj.gov.in/webinar/index.html]
[doj.gov.in/wp-content/themes/sdo-theme/fonts/sourceserifpro-regular-webfont.woff]
[doj.gov.in/wp-content/themes/sdo-theme/fonts/Merriweather-Regular.woff2]
[doj.gov.in/wp-content/themes/sdo-theme/fonts/Merriweather-Regular.woff]
[doj.gov.in/wp-content/themes/sdo-theme/fonts/Merriweather-BlackItalic.woff2]
[doj.gov.in/digital-library/index.html]
[doj.gov.in/wp-content/themes/sdo-theme/fonts/Merriweather-BlackItalic.woff]
[doj.gov.in/wp-content/themes/sdo-theme/fonts/Merriweather-Bold.woff2]
[doj.gov.in/wp-content/themes/sdo-theme/fonts/Merriweather-Bold.woff]
[doj.gov.in/wp-content/themes/sdo-theme/fonts/Merriweather-Black.woff2]
[doj.gov.in/wp-content/themes/sdo-theme/fonts/Merriweather-Black.woff]
[doj.gov.in/wp-content/themes/sdo-theme/fonts/Merriweather-BoldItalic.woff2]
[doj.gov.in/videos/index.html]
[doj.gov.in/wp-content/themes/sdo-theme/fonts/Merriweather-BoldItalic.woff]
[doj.gov.in/wp-content/themes/sdo-theme/fonts/Merriweather-Italic.woff2]
[doj.gov.in/wp-content/themes/sdo-theme/fonts/Merriweather-Italic.woff]
[doj.gov.in/access-to-justice-for-the-marginalized/index.html]
[doj.gov.in/wp-content/themes/sdo-theme/fonts/Merriweather-Light.woff2]
[doj.gov.in/wp-content/themes/sdo-theme/fonts/Merriweather-Light.woff]
[doj.gov.in/wp-content/themes/sdo-theme/fonts/Merriweather-LightItalic.woff2]
[doj.gov.in/wp-content/themes/sdo-theme/fonts/Merriweather-LightItalic.woff]
[doj.gov.in/wp-content/themes/sdo-theme/fonts/Questrial-Regular.woff2]
[doj.gov.in/about-hamara-samvidhan-hamara-samman/index.html]
[doj.gov.in/wp-content/themes/sdo-theme/fonts/Questrial-Regular.woff]
[doj.gov.in/wp-content/themes/sdo-theme/images/ui-icons_444444_256x240.png]
[doj.gov.in/wp-content/themes/sdo-theme/images/ui-icons_ffffff_256x240.png]
[doj.gov.in/overview/index.html]
[doj.gov.in/wp-content/themes/sdo-theme/images/ui-icons_777620_256x240.png]
[doj.gov.in/wp-content/themes/sdo-theme/images/ui-icons_cc0000_256x240.png]
[doj.gov.in/wp-content/themes/sdo-theme/images/ui-icons_777777_256x240.png]
[doj.gov.in/wp-content/themes/sdo-theme/css/baseb6a4.css]
[doj.gov.in/wp-content/plugins/awaas-metaboxes/assets/css/jquery.ui.datepicker5152.css]
[doj.gov.in/nav-bharat-nav-sankalp-overview/index.html]
[doj.gov.in/vidhi-jagriti-abhiyan-overview/index.html]
[doj.gov.in/samvidhan-katta-about/index.html]
[doj.gov.in/media/index.html]
[doj.gov.in/guidelines-for-submission/index.html]
[doj.gov.in/wp-content/themes/sdo-theme/fonts/flexslider-icon.eot]
[doj.gov.in/national-event-overview/index.html]
[doj.gov.in/wp-content/themes/sdo-theme/fonts/flexslider-icond41d.eot]
[doj.gov.in/wp-content/themes/sdo-theme/fonts/flexslider-icon.woff]
[doj.gov.in/gallery/inauguration-of-the-campaign-hamara-samman-hamara-samvidhan-at-international-ambedkar-centre-24th-jan-2024/index.html]
[doj.gov.in/1st-regional-event-overview/index.html]
[doj.gov.in/gallery/hamara-samman-hamara-samvidhan-event-at-maharaja-ganga-singh-university-bikaner-9th-march-2024/index.html]
[doj.gov.in/2nd-regional-event-overview/index.html]
[doj.gov.in/media-2/index.html]
[doj.gov.in/gallery/hamara-samvidhan-hamara-samman-2nd-regional-event-at-prayagraj-uttar-pradesh-16th-july-2024/index.html]
[doj.gov.in/photos/index.html]
[doj.gov.in/videos-2/index.html]
[doj.gov.in/wp-content/themes/sdo-theme/css/fancybox_sprite.png]
[doj.gov.in/wp-content/themes/sdo-theme/css/fancybox_loading.gif]
[doj.gov.in/category/press-release/index.html]
[doj.gov.in/photo-gallery/index.html]
[doj.gov.in/video-gallery/index.html]
[doj.gov.in/events/index.html]
[doj.gov.in/wp-content/themes/sdo-theme/css/fancybox_overlay.png]
[doj.gov.in/national-legal-services-authority-nalsa/index.html]
[doj.gov.in/wp-content/themes/sdo-theme/css/fancybox_sprite@2x.png]
[doj.gov.in/wp-content/themes/sdo-theme/css/fancybox_loading@2x.gif]
[doj.gov.in/wp-content/themes/sdo-theme/css/addons/sliderhelperb6a4.css]
[doj.gov.in/wp-content/themes/sdo-theme/styleb6a4.css]
[doj.gov.in/parliament-questions/index.html]
[doj.gov.in/notice-category/recruitments/index.html]
[doj.gov.in/wp-content/plugins/js_composer/assets/vc/alert.png]
[doj.gov.in/notice-category/tenders/index.html]
[doj.gov.in/wp-content/plugins/js_composer/assets/vc/info.png]
[doj.gov.in/right-to-information-rti/index.html]
[doj.gov.in/wp-content/plugins/js_composer/assets/vc/tick.png]
[doj.gov.in/wp-content/plugins/js_composer/assets/vc/exclamation.png]
[doj.gov.in/pfms-orders/index.html]
[doj.gov.in/wp-content/plugins/js_composer/assets/images/icons/address-book.png]
[doj.gov.in/wp-content/plugins/js_composer/assets/images/icons/alarm-clock.png]
[doj.gov.in/wp-content/plugins/js_composer/assets/images/icons/anchor.png]
[doj.gov.in/wp-content/plugins/js_composer/assets/images/icons/application-image.png]
[doj.gov.in/schemes/index.html]
[doj.gov.in/wp-content/plugins/js_composer/assets/images/icons/arrow.png]
[doj.gov.in/wp-content/plugins/js_composer/assets/images/icons/asterisk.png]
[doj.gov.in/wp-content/plugins/js_composer/assets/images/icons/auction-hammer.png]
[doj.gov.in/wp-content/plugins/js_composer/assets/images/icons/balloon.png]
[doj.gov.in/wp-content/plugins/js_composer/assets/images/icons/balloon-buzz.png]
[doj.gov.in/gallery/har-ghar-tiranga-9th-15th-august-2024/index.html]
[doj.gov.in/wp-content/plugins/js_composer/assets/images/icons/balloon-facebook.png]
[doj.gov.in/wp-content/plugins/js_composer/assets/images/icons/balloon-twitter.png]
[doj.gov.in/wp-content/plugins/js_composer/assets/images/icons/battery-full.png]
[doj.gov.in/document/हिंदी-दिवस-हिंदी-पखवाड़ा-2024/index.html]
[doj.gov.in/wp-content/plugins/js_composer/assets/images/icons/binocular.png]
[doj.gov.in/wp-content/plugins/js_composer/assets/images/icons/blue-document-excel.png]
[doj.gov.in/wp-content/plugins/js_composer/assets/images/icons/blue-document-image.png]
[doj.gov.in/wp-content/plugins/js_composer/assets/images/icons/blue-document-music.png]
[doj.gov.in/allocation-of-business-rules-1961/index.html]
[doj.gov.in/wp-content/plugins/js_composer/assets/images/icons/blue-document-office.png]
[doj.gov.in/wp-content/plugins/js_composer/assets/images/icons/blue-document-pdf.png]
[doj.gov.in/document/order-of-appointment-of-ms-r-poornima-and-02-other-judicial-officers-as-addl-judges-of-madras-high-court-21-09-2024/index.html]
[doj.gov.in/document/transfer-of-shri-justice-shri-justice-m-s-ramachandra-rao-cj-of-himachal-pradesh-high-court-as-cj-of-jharkhand-high-court-21-09-2024/index.html]
[doj.gov.in/wp-content/plugins/js_composer/assets/images/icons/blue-document-powerpoint.png]
[doj.gov.in/wp-content/plugins/js_composer/assets/images/icons/blue-document-word.png]
[doj.gov.in/document/order-of-appointment-of-shri-justice-k-r-shriram-judge-bombay-high-court-as-chief-justice-of-madras-high-court-21-09-2024/index.html]
[doj.gov.in/wp-content/plugins/js_composer/assets/images/icons/bookmark.png]
[doj.gov.in/wp-content/plugins/js_composer/assets/images/icons/camcorder.png]
[doj.gov.in/wp-content/plugins/js_composer/assets/images/icons/camera.png]
[doj.gov.in/document/order-of-appointment-of-shri-justice-tashi-rabstan-judge-jk-and-ladakh-high-court-as-chief-justice-of-jk-and-ladakh-high-court-21-09-2024/index.html]
[doj.gov.in/wp-content/plugins/js_composer/assets/images/icons/chart.png]
[doj.gov.in/wp-content/plugins/js_composer/assets/images/icons/chart-pie.png]
[doj.gov.in/wp-content/plugins/js_composer/assets/images/icons/clock.png]
[doj.gov.in/wp-content/plugins/js_composer/assets/images/icons/control.png]
[doj.gov.in/wp-content/plugins/js_composer/assets/images/icons/fire.png]
[doj.gov.in/wp-content/plugins/js_composer/assets/images/icons/heart.png]
[doj.gov.in/document/order-of-appointment-of-shri-justice-nitin-madhukar-jamdar-judge-bombay-high-court-as-chief-justice-of-kerala-high-court-21-09-2024/index.html]
[doj.gov.in/wp-content/plugins/js_composer/assets/images/icons/mail.png]
[doj.gov.in/wp-content/plugins/js_composer/assets/images/icons/plus-shield.png]
[doj.gov.in/wp-content/plugins/js_composer/assets/images/icons/video.png]
[doj.gov.in/wp-content/plugins/js_composer/assets/fonts/vc_icons_v2/fonts/vcpb-plugin-iconsb82a.eot]
[doj.gov.in/document/order-of-appointment-of-shri-justice-indra-prasanna-mukerji-judge-calcutta-high-court-as-chief-justice-of-meghalaya-high-court-21-09-2024/index.html]
[doj.gov.in/wp-content/plugins/js_composer/assets/fonts/vc_icons_v2/fonts/vcpb-plugin-iconsb82a.ttf]
[doj.gov.in/wp-content/plugins/js_composer/assets/fonts/vc_icons_v2/fonts/vcpb-plugin-iconsb82a.woff]
[doj.gov.in/wp-content/plugins/js_composer/assets/images/toggle_open.png]
[doj.gov.in/wp-content/plugins/js_composer/assets/images/toggle_close.png]
[doj.gov.in/document/order-of-appointment-of-shri-justice-suresh-kumar-kait-judge-delhi-high-court-as-chief-justice-of-madhya-pradesh-high-court-21-09-2024/index.html]
[doj.gov.in/wp-content/plugins/js_composer/assets/images/flickr.png]
[doj.gov.in/wp-content/plugins/js_composer/assets/fonts/vc_grid/vc_grid_v157a1.eot]
[doj.gov.in/wp-content/plugins/js_composer/assets/fonts/vc_grid/vc_grid_v1d41d.eot]
[doj.gov.in/wp-content/plugins/js_composer/assets/fonts/vc_grid/vc_grid_v157a1.woff]
[doj.gov.in/document/order-of-appointment-of-justice-rajiv-shakdher-judge-delhi-high-court-as-chief-justice-of-himachal-pradesh-high-court-21-09-2024/index.html]
[doj.gov.in/wp-content/plugins/js_composer/assets/fonts/vc_grid/vc_grid_v157a1.ttf]
[doj.gov.in/wp-content/plugins/js_composer/assets/images/spinner.gif]
[doj.gov.in/document/order-of-appointment-of-shri-justice-manmohan-judge-delhi-high-court-as-chie-justice-of-delhi-high-court-21-09-2024/index.html]
[doj.gov.in/wp-content/plugins/js_composer/assets/vc/remove.png]
[doj.gov.in/wp-content/plugins/js_composer/assets/css/js_composer.min9c09.css]
[doj.gov.in/wp-content/plugins/awaas-accessibility/fonts/fontawesome-webfont3e6e.eot]
[doj.gov.in/document/order-of-appointment-of-smt-lekshmana-chandra-victoria-gowri-and-04-other-additional-judges-of-the-madras-high-court-as-permanent-judges-of-that-high-court-20-09-2024/index.html]
[doj.gov.in/live-streaming-of-court-cases/index.html]
[doj.gov.in/wp-content/plugins/awaas-accessibility/fonts/fontawesome-webfontd41d.eot]
[doj.gov.in/national-judicial-data-grid-2/index.html]
[doj.gov.in/wp-content/plugins/awaas-accessibility/fonts/fontawesome-webfont3e6e.woff2]
[doj.gov.in/annual-reports/index.html]
[doj.gov.in/wp-content/plugins/awaas-accessibility/fonts/fontawesome-webfont3e6e.woff]
[doj.gov.in/wp-content/plugins/awaas-accessibility/fonts/fontawesome-webfont3e6e.ttf]
[doj.gov.in/wp-content/plugins/awaas-accessibility/css/font-awesomeb6a4.css]
[doj.gov.in/wp-json/index.html]
[doj.gov.in/budget-information/index.html]
[doj.gov.in/division/appointments/index.html]
[doj.gov.in/wp-json/wp/v2/pages/11468.json]
[doj.gov.in/law-commission-reports-having-doj-interface/index.html]
[doj.gov.in/xmlrpc0db0.html]
[doj.gov.in/division/national-mission-for-justice-delivery-and-legal-reforms/index.html]
[doj.gov.in/division/access-to-justice/index.html]
[doj.gov.in/wp-json/oembed/1.0/embed688d.json]
[doj.gov.in/division/ecourts/index.html]
[doj.gov.in/wp-json/oembed/1.0/embedc57a]
[doj.gov.in/division/justice-i/index.html]
[doj.gov.in/wp-admin/admin-ajax.html]
[doj.gov.in/division/justice-ii/index.html]
[doj.gov.in/division/administration/index.html]
[doj.gov.in/wp-content/themes/sdo-theme/images/search_icon.svg]
[doj.gov.in/website-policies/index.html]
[doj.gov.in/hyperlinking-policy/index.html]
[doj.gov.in/copyright-policy/index.html]
[doj.gov.in/wp-content/themes/sdo-theme/images/social_media.svg]
[doj.gov.in/privacy-policy/index.html]
[doj.gov.in/wp-content/themes/sdo-theme/images/facebook_icon.svg]
[doj.gov.in/terms-and-conditions/index.html]
[doj.gov.in/feedback/index.html]
[doj.gov.in/wp-content/themes/sdo-theme/images/twitter_icon.svg]
[doj.gov.in/contact-us/index.html]
[doj.gov.in/wp-content/themes/sdo-theme/images/instagram_icon.svg]
[doj.gov.in/wp-content/themes/sdo-theme/images/Koo_Icon.svg]
[doj.gov.in/wp-content/themes/sdo-theme/images/youtube_icon.svg]
[doj.gov.in/faq/index.html]
[doj.gov.in/web-information-manager/index.html]
[doj.gov.in/visitor-summary/index.html]
[doj.gov.in/hi/साइटमैप/index.html]
[doj.gov.in/sitemap/index.html]
[doj.gov.in/wp-content/themes/sdo-theme/images/sitemap.svg]
[doj.gov.in/wp-content/themes/sdo-theme/images/accessibility_icon.svg]
[doj.gov.in/help/index.html]
[doj.gov.in/hi/सहायता/index.html]
[doj.gov.in/hi/about-department/प्रस्तावना/index.html]
[doj.gov.in/hi/विभाग-के-बारे-में/index.html]
[doj.gov.in/hi/about-department/कार्य/index.html]
[doj.gov.in/hi/इतिहास/index.html]
[cdnbbsr.s3waas.gov.in/s35d6646aad9bcc0be55b2c82f69750387/uploads/2024/05/20240515984075025-scaled.jpg]
[doj.gov.in/hi/संगठन-चार्ट/index.html]
[cdnbbsr.s3waas.gov.in/s35d6646aad9bcc0be55b2c82f69750387/uploads/2024/05/20240515796104300-scaled.jpg]
[doj.gov.in/hi/about-department/प्रशासनिक-सेटअप/index.html]
[doj.gov.in/hi/कौन-क्या-है/index.html]
[cdnbbsr.s3waas.gov.in/s35d6646aad9bcc0be55b2c82f69750387/uploads/2024/05/202405151372353526-scaled.jpg]
[cdnbbsr.s3waas.gov.in/s35d6646aad9bcc0be55b2c82f69750387/uploads/2024/09/20240917939145469.jpg]
[cdnbbsr.s3waas.gov.in/s35d6646aad9bcc0be55b2c82f69750387/uploads/2023/03/2023031640.jpg]
[cdnbbsr.s3waas.gov.in/s35d6646aad9bcc0be55b2c82f69750387/uploads/2023/05/2023051635.png]
[doj.gov.in/hi/index.html]
[doj.gov.in/wp-content/themes/sdo-theme/images/emblem.svg]
[doj.gov.in/hi/मासिक-उपलब्धियां/index.html]
[doj.gov.in/hi/नियम-और-अधिनियम/index.html]
[doj.gov.in/वेबसाइट-सूचना-प्रबंधक/index.html]
[doj.gov.in/hi/सिटीजन-चार्टर/index.html]
[doj.gov.in/hi/नियुक्ति-एवं-स्थानांतरण/index.html]
[doj.gov.in/hi/उच्चतम-न्यायालय-के-न्याय/index.html]
[doj.gov.in/hi/उच्च-न्यायालय-के-न्यायाध/index.html]
[doj.gov.in/hi/उच्च-न्यायालय-के-न्यायाध-2/index.html]
[doj.gov.in/history/index.html]
[doj.gov.in/hi/रिक्तियों-की-स्थिति-2/index.html]
[doj.gov.in/hi/वेतन-भत्ता-और-पेंशन/index.html]
[doj.gov.in/hi/पहला-राष्ट्रीय-न्यायिक-व/index.html]
[doj.gov.in/hi/दूसरा-राष्ट्रीय-न्यायिक/index.html]
[doj.gov.in/hi/अन्य-देशों-के-साथ-हस्ताक्/index.html]
[doj.gov.in/about-department/index.html]
[doj.gov.in/hi/दिल्ली-जिला-न्यायालयों-क/index.html]
[doj.gov.in/hi/हिन्दी-और-क्षेत्रीय-भाषा/index.html]
[doj.gov.in/hi/लोक-शिकायत-का-निवारण/index.html]
[doj.gov.in/hi/फास्ट-ट्रैक-स्पेशल-कोर्ट/index.html]
[doj.gov.in/hi/special-courts-for-mp-mla-hindi/index.html]
[doj.gov.in/hi/fast-track-courts-hindi/index.html]
[doj.gov.in/hi/कुटुंब-न्यायालय/index.html]
[doj.gov.in/hi/राष्ट्रीय-न्यायिक-अकादमी/index.html]
[doj.gov.in/about-department/vision-and-mission/index.html]
[doj.gov.in/hi/विजन-दस्तावेज/index.html]
[doj.gov.in/hi/सलाहकार-परिषद/index.html]
[doj.gov.in/hi/न्यायिक-सुधार-पर-कार्य-अन/index.html]
[doj.gov.in/hi/परियोजना-iii/index.html]
[doj.gov.in/hi/कम्प्यूटरीकरण-और-वैन-कने/index.html]
[doj.gov.in/hi/सीआईएस-और-कोविड-प्रबंधन-प/index.html]
[doj.gov.in/hi/राष्ट्रीय-न्यायिक-डाटा-ग/index.html]
[doj.gov.in/about-department/function-of-department/index.html]
[doj.gov.in/hi/वर्चुअल-अदालतें/index.html]
[doj.gov.in/hi/वीडियो-कॉन्फ्रेंसिंग/index.html]
[doj.gov.in/hi/लाइव-स्ट्रीमिंग/index.html]
[doj.gov.in/hi/ई-फाइलिंग/index.html]
[doj.gov.in/hi/ई-पेमेंट/index.html]
[doj.gov.in/hi/ई-सेवा-केंद्र/index.html]
[doj.gov.in/hi/ई-कोर्ट-सेवाएँ/index.html]
[doj.gov.in/hi/जजमेंट-सर्च-पोर्टल/index.html]
[doj.gov.in/hi/जस्टिस-क्लॉक/index.html]
[doj.gov.in/hi/नेशनल-सर्विस-एंड-ट्रैकिं/index.html]
[doj.gov.in/hi/सेवा-के-रूप-में-सुरक्षित-स/index.html]
[doj.gov.in/hi/अभिलेखों-का-डिजिटीकरण/index.html]
[doj.gov.in/hi/सूचना-शिक्षा-और-संचार-आईई/index.html]
[doj.gov.in/hi/पुरस्कार-और-मान्यता/index.html]
[doj.gov.in/hi/प्रशिक्षण-और-जागरूकता-का/index.html]
[cdnbbsr.s3waas.gov.in/s35d6646aad9bcc0be55b2c82f69750387/uploads/2024/09/202409032045938899.jpg]
[doj.gov.in/organization-chart/index.html]
[doj.gov.in/hi/डिजाइनिंग-इनोवेटिव-सोल्य/index.html]
[doj.gov.in/hi/बारे-में-4/index.html]
[doj.gov.in/hi/न्याय-बंधु-गतिविधियां/index.html]
[doj.gov.in/hi/a2j-nejk-project-hindi/index.html]
[doj.gov.in/hi/वेबिनार/index.html]
[doj.gov.in/about-department/administrative-setup/index.html]
[doj.gov.in/hi/वीडियो/index.html]
[doj.gov.in/hi/बारे-में-3/index.html]
[doj.gov.in/hi/विभिन्न-भाषाओं-में-जानका/index.html]
[doj.gov.in/hi/हमारा-संविधान-हमारा-सम्म/index.html]
[doj.gov.in/hi/सबको-न्याय-हर-घर-न्याय-अवल/index.html]
[doj.gov.in/hi/नव-भारत-नव-संकल्प-अवलोकन/index.html]
[doj.gov.in/hi/विधि-जागृति-अभियान-अवलोक/index.html]
[doj.gov.in/hi/मिडिया/index.html]
[doj.gov.in/hi/फोटो-गैलरी-2/index.html]
[doj.gov.in/whos-who/index.html]
[doj.gov.in/wp-content/plugins/awas-shortcode/assets/js/tabular_content8a54.js]
[doj.gov.in/hi/वीडियो-2/index.html]
[doj.gov.in/hi/category/प्रेस-विज्ञप्ति/index.html]
[doj.gov.in/hi/फोटो-गैलरी/index.html]
[doj.gov.in/hi/वीडियो-गैलरी/index.html]
[doj.gov.in/hi/पिछली-घटनाएं/index.html]
[doj.gov.in/hi/राष्ट्रीय-विधिक-सेवा-प्र/index.html]
[doj.gov.in/audio-gallery/index.html]
[doj.gov.in/hi/संसदीय-प्रश्न/index.html]
[doj.gov.in/hi/notice-category/निविदाएं/index.html]
[doj.gov.in/hi/आरटीआई/index.html]
[doj.gov.in/hi/पीएफ़एमएस-आदेश/index.html]
[doj.gov.in/hi/notice-category/नियुक्ति/index.html]
[doj.gov.in/hi/योजना-समेकित-दिशानिर्द/index.html]
[doj.gov.in/hi/document/हिंदी-दिवस-हिंदी-पखवाड़ा-2024-2/index.html]
[doj.gov.in/hi/document/जुलाई-2024-की-मासिक-उपलब्धि-2/index.html]
[doj.gov.in/hi/document/जून-2024-की-मासिक-उपलब्धि/index.html]
[doj.gov.in/hi/document/मई-2024-के-लिए-मासिक-उपलब्धि/index.html]
[doj.gov.in/hi/document/अप्रैल-2024-के-लिए-मासिक-उपलब्/index.html]
[doj.gov.in/hi/document/मार्च-2024-के-लिए-मासिक-उपलब्ध/index.html]
[doj.gov.in/hi/document/फरवरी-2024-के-लिए-मासिक-उपलब्ध/index.html]
[doj.gov.in/hi/document/जनवरी-2024-की-मासिक-उपलब्धि/index.html]
[doj.gov.in/hi/document/दिसंबर-2023-की-मासिक-उपलब्धि/index.html]
[doj.gov.in/monthly-achievements-month-wise/index.html]
[doj.gov.in/hi/राष्ट्रीय-न्यायिक-डाटा-ग-2/index.html]
[doj.gov.in/hi/न्यायालय-मामलों-की-लाइव-स/index.html]
[doj.gov.in/hi/division/नियुक्ति/index.html]
[doj.gov.in/hi/division/न्याय-ii-2/index.html]
[doj.gov.in/hi/division/न्याय-प्रदायगी-और-विधिक-स/index.html]
[doj.gov.in/hi/division/न्याय-तक-पहुँच/index.html]
[doj.gov.in/hi/division/ई-कोर्ट्स/index.html]
[doj.gov.in/hi/division/न्याय-i/index.html]
[doj.gov.in/hi/division/न्याय-ii/index.html]
[doj.gov.in/hi/division/प्रशासन/index.html]
[doj.gov.in/hi/वेबसाइट-नीतियां/index.html]
[cdnbbsr.s3waas.gov.in/s35d6646aad9bcc0be55b2c82f69750387/uploads/2024/04/202404011777168294.jpg]
[doj.gov.in/hi/नियम-और-शर्तें/index.html]
[cdnbbsr.s3waas.gov.in/s35d6646aad9bcc0be55b2c82f69750387/uploads/2022/02/2022022528.png]
[doj.gov.in/citizens-charter/index.html]
[doj.gov.in/hi/प्रतिक्रिया/index.html]
[doj.gov.in/hi/हमसे-संपर्क-करें/index.html]
[doj.gov.in/hi/अक्सर-पूछे-जाने-वाले-प्रश/index.html]
[doj.gov.in/hi/वेब-सूचना-प्रबंधक/index.html]
[doj.gov.in/hi/आगंतुक-सारांश/index.html]
[doj.gov.in/acts-and-rules/index.html]
[doj.gov.in/website-information-manager/index.html]
[doj.gov.in/monthly-achievements-month-wise/page/2/index.html]
[doj.gov.in/monthly-achievements-month-wise/page/3/index.html]
[doj.gov.in/latest-orders-of-appointment-transfer-etc/page/2/index.html]
[doj.gov.in/latest-orders-of-appointment-transfer-etc/page/3/index.html]
[doj.gov.in/latest-orders-of-appointment-transfer-etc/page/4/index.html]
[doj.gov.in/latest-orders-of-appointment-transfer-etc/page/5/index.html]
[doj.gov.in/latest-orders-of-appointment-transfer-etc/index.html]
[doj.gov.in/latest-orders-of-appointment-transfer-etc/page/12/index.html]
[doj.gov.in/memorandum-of-procedure-of-appointment-of-supreme-court-judges/index.html]
[doj.gov.in/memorandum-of-procedure-of-appointment-of-high-court-judges/index.html]
[doj.gov.in/list-of-high-court-judges/index.html]
[doj.gov.in/vacancy-position/index.html]
[doj.gov.in/supreme-court-3/index.html]
[cdnbbsr.s3waas.gov.in/s35d6646aad9bcc0be55b2c82f69750387/uploads/2022/03/2022031354-scaled.jpg]
[doj.gov.in/pay-allowance/index.html]
[doj.gov.in/first-national-judicial-pay-commission/index.html]
[cdnbbsr.s3waas.gov.in/s35d6646aad9bcc0be55b2c82f69750387/uploads/2022/03/2022031323-scaled.jpg]
[cdnbbsr.s3waas.gov.in/s35d6646aad9bcc0be55b2c82f69750387/uploads/2022/03/2022031348-scaled.jpg]
[doj.gov.in/second-national-judicial-pay-commission/index.html]
[doj.gov.in/mou-signed-with-other-countries/index.html]
[cdnbbsr.s3waas.gov.in/s35d6646aad9bcc0be55b2c82f69750387/uploads/2022/03/2022031312-scaled.jpg]
[doj.gov.in/pecuniary-jurisdiction-of-delhi-district-courts/index.html]
[cdnbbsr.s3waas.gov.in/s35d6646aad9bcc0be55b2c82f69750387/uploads/2022/03/2022031349.jpg]
[doj.gov.in/use-of-hindi-and-regional-languages/index.html]
[cdnbbsr.s3waas.gov.in/s35d6646aad9bcc0be55b2c82f69750387/uploads/2022/03/2022031352-scaled.jpg]
[cdnbbsr.s3waas.gov.in/s35d6646aad9bcc0be55b2c82f69750387/uploads/2022/03/2022032430.png]
[cdnbbsr.s3waas.gov.in/s35d6646aad9bcc0be55b2c82f69750387/uploads/2024/09/202409031823968968.jpg]
[cdnbbsr.s3waas.gov.in/s35d6646aad9bcc0be55b2c82f69750387/uploads/2024/09/202409031949866332.jpg]
[doj.gov.in/redressal-of-public-grievances/index.html]
[cdnbbsr.s3waas.gov.in/s35d6646aad9bcc0be55b2c82f69750387/uploads/2022/03/2022031377-scaled.jpg]
[doj.gov.in/guidelines-of-grievances/index.html]
[doj.gov.in/hi/शिकायतों-के-दिशानिर्देश/index.html]
[cdnbbsr.s3waas.gov.in/s35d6646aad9bcc0be55b2c82f69750387/uploads/2022/02/2022022572.jpg]
[cdnbbsr.s3waas.gov.in/s35d6646aad9bcc0be55b2c82f69750387/uploads/2024/07/20240702244773851.png]
[cdnbbsr.s3waas.gov.in/s35d6646aad9bcc0be55b2c82f69750387/uploads/2024/07/202407021424091251.png]
[cdnbbsr.s3waas.gov.in/s35d6646aad9bcc0be55b2c82f69750387/uploads/2024/07/202407021924162928.png]
[cdnbbsr.s3waas.gov.in/s35d6646aad9bcc0be55b2c82f69750387/uploads/2024/07/202407021751057998.png]
[doj.gov.in/fast-track-special-court-ftscs/index.html]
[cdnbbsr.s3waas.gov.in/s35d6646aad9bcc0be55b2c82f69750387/uploads/2024/07/20240702544940111.png]
[cdnbbsr.s3waas.gov.in/s35d6646aad9bcc0be55b2c82f69750387/uploads/2022/02/2022022566.jpg]
[doj.gov.in/special-courts-for-mp-mla/index.html]
[doj.gov.in/sanctions-2/index.html]
[doj.gov.in/fast-track-courts/index.html]
[cdnbbsr.s3waas.gov.in/s35d6646aad9bcc0be55b2c82f69750387/uploads/2022/02/2022022558.jpg]
[doj.gov.in/family-court/index.html]
[cdnbbsr.s3waas.gov.in/s35d6646aad9bcc0be55b2c82f69750387/uploads/2022/02/2022022515.jpg]
[cdnbbsr.s3waas.gov.in/s35d6646aad9bcc0be55b2c82f69750387/uploads/2022/02/2022022539.jpg]
[doj.gov.in/national-judicial-academy-5/index.html]
[doj.gov.in/vision-document/index.html]
[doj.gov.in/advisory-council/index.html]
[doj.gov.in/minutes-of-advisory-council-meetings-2/index.html]
[doj.gov.in/wp-content/plugins/js_composer/assets/css/js_composer_tta.min9c09.css]
[doj.gov.in/wp-content/plugins/js_composer/assets/lib/vc_accordion/vc-accordion.min9c09.js]
[doj.gov.in/wp-content/plugins/js_composer/assets/lib/vc-tta-autoplay/vc-tta-autoplay.min9c09.js]
[doj.gov.in/scheme-for-action-research-and-studies-on-judicial-reforms-5/index.html]
[doj.gov.in/guidelines/index.html]
[doj.gov.in/sanction-orders-for-releasing-grants-in-respect-of-research-projects-under-the-scheme-of-action-research-and-studies-on-judicial-reforms-during-2024-25/index.html]
[doj.gov.in/final-report/index.html]
[doj.gov.in/sanction-orders-for-releasing-grants-in-respect-of-research-projects-under-the-scheme-of-action-research-and-studies-on-judicial-reforms-during-2023-24-2/index.html]
[doj.gov.in/sanction-orders-for-releasing-grants-in-respect-of-research-projects-under-the-scheme-of-action-research-and-studies-on-judicial-reforms-during-2022-23/index.html]
[doj.gov.in/sanction-orders-for-releasing-grants-in-respect-of-research-projects-under-the-scheme-of-action-research-and-studies-on-judicial-reforms-during-2021-22/index.html]
[doj.gov.in/phase-iii/index.html]
[doj.gov.in/sanction-orders-for-releasing-grants-in-respect-of-research-projects-under-the-scheme-of-action-research-and-studies-on-judicial-reforms-during-2019-20/index.html]
[doj.gov.in/sanction-orders-for-releasing-grants-in-respect-of-research-projects-under-the-scheme-of-action-research-and-studies-on-judicial-reforms-during-2018-19/index.html]
[doj.gov.in/sanction-orders-for-releasing-grants-in-respect-of-research-projects-under-the-scheme-of-action-research-and-studies-on-judicial-reforms-during-2017-18/index.html]
[doj.gov.in/sanction-orders-for-releasing-grants-in-respect-of-research-projects-under-the-scheme-of-action-research-and-studies-on-judicial-reforms-during-2016-17/index.html]
[cdnbbsr.s3waas.gov.in/s35d6646aad9bcc0be55b2c82f69750387/uploads/2022/02/2022022853.jpg]
[cdnbbsr.s3waas.gov.in/s35d6646aad9bcc0be55b2c82f69750387/uploads/2022/02/2022022874.jpg]
[cdnbbsr.s3waas.gov.in/s35d6646aad9bcc0be55b2c82f69750387/uploads/2023/10/20231019394563190.png]
[doj.gov.in/ecourts-mmp-ecourts-achievements-computerization-and-wan-connectivity/index.html]
[cdnbbsr.s3waas.gov.in/s35d6646aad9bcc0be55b2c82f69750387/uploads/2022/02/2022022843.jpg]
[cdnbbsr.s3waas.gov.in/s35d6646aad9bcc0be55b2c82f69750387/uploads/2022/02/2022022877.jpg]
[doj.gov.in/cis-and-covid-management-software-patch/index.html]
[cdnbbsr.s3waas.gov.in/s35d6646aad9bcc0be55b2c82f69750387/uploads/2022/02/2022022848.jpg]
[cdnbbsr.s3waas.gov.in/s35d6646aad9bcc0be55b2c82f69750387/uploads/2023/10/202310191733176326.png]
[doj.gov.in/the-national-judicial-data-grid-njdg/index.html]
[cdnbbsr.s3waas.gov.in/s35d6646aad9bcc0be55b2c82f69750387/uploads/2022/02/2022022817.jpg]
[cdnbbsr.s3waas.gov.in/s35d6646aad9bcc0be55b2c82f69750387/uploads/2022/02/2022022896.jpg]
[cdnbbsr.s3waas.gov.in/s35d6646aad9bcc0be55b2c82f69750387/uploads/2022/08/2022081029.png]
[cdnbbsr.s3waas.gov.in/s35d6646aad9bcc0be55b2c82f69750387/uploads/2024/09/20240909339027944.png]
[doj.gov.in/virtual-courts/index.html]
[cdnbbsr.s3waas.gov.in/s35d6646aad9bcc0be55b2c82f69750387/uploads/2022/02/2022022815.jpg]
[cdnbbsr.s3waas.gov.in/s35d6646aad9bcc0be55b2c82f69750387/uploads/2022/02/2022022825.jpg]
[cdnbbsr.s3waas.gov.in/s35d6646aad9bcc0be55b2c82f69750387/uploads/2024/08/202408021163005485.png]
[cdnbbsr.s3waas.gov.in/s35d6646aad9bcc0be55b2c82f69750387/uploads/2024/09/202409091631145793.png]
[cdnbbsr.s3waas.gov.in/s35d6646aad9bcc0be55b2c82f69750387/uploads/2024/09/202409091144949757.png]
[cdnbbsr.s3waas.gov.in/s35d6646aad9bcc0be55b2c82f69750387/uploads/2022/03/2022032382.jpg]
[doj.gov.in/video-conferencing/index.html]
[cdnbbsr.s3waas.gov.in/s35d6646aad9bcc0be55b2c82f69750387/uploads/2022/02/2022022888.jpg]
[cdnbbsr.s3waas.gov.in/s35d6646aad9bcc0be55b2c82f69750387/uploads/2022/02/2022022841.jpg]
[doj.gov.in/live-streaming/index.html]
[cdnbbsr.s3waas.gov.in/s35d6646aad9bcc0be55b2c82f69750387/uploads/2022/02/2022022820.jpg]
[cdnbbsr.s3waas.gov.in/s35d6646aad9bcc0be55b2c82f69750387/uploads/2022/02/2022022898.jpg]
[doj.gov.in/efiling/index.html]
[cdnbbsr.s3waas.gov.in/s35d6646aad9bcc0be55b2c82f69750387/uploads/2022/02/2022022880-1.jpg]
[cdnbbsr.s3waas.gov.in/s35d6646aad9bcc0be55b2c82f69750387/uploads/2022/02/2022022891.jpg]
[doj.gov.in/e-payments/index.html]
[cdnbbsr.s3waas.gov.in/s35d6646aad9bcc0be55b2c82f69750387/uploads/2022/02/2022022830.jpg]
[cdnbbsr.s3waas.gov.in/s35d6646aad9bcc0be55b2c82f69750387/uploads/2022/02/2022022834.jpg]
[doj.gov.in/esewa-kendra/index.html]
[cdnbbsr.s3waas.gov.in/s35d6646aad9bcc0be55b2c82f69750387/uploads/2022/03/2022030261.jpg]
[cdnbbsr.s3waas.gov.in/s35d6646aad9bcc0be55b2c82f69750387/uploads/2022/03/2022030231.jpg]
[doj.gov.in/ecourt-services/index.html]
[cdnbbsr.s3waas.gov.in/s35d6646aad9bcc0be55b2c82f69750387/uploads/2022/03/2022030294.jpg]
[cdnbbsr.s3waas.gov.in/s35d6646aad9bcc0be55b2c82f69750387/uploads/2022/03/2022030220.jpg]
[doj.gov.in/judgment-search-portal/index.html]
[cdnbbsr.s3waas.gov.in/s35d6646aad9bcc0be55b2c82f69750387/uploads/2023/05/2023053133.png]
[doj.gov.in/national-service-and-tracking-of-electronic-processes-nstep/index.html]
[cdnbbsr.s3waas.gov.in/s35d6646aad9bcc0be55b2c82f69750387/uploads/2022/03/2022030256-1.jpg]
[cdnbbsr.s3waas.gov.in/s35d6646aad9bcc0be55b2c82f69750387/uploads/2022/03/2022030256.jpg]
[cdnbbsr.s3waas.gov.in/s35d6646aad9bcc0be55b2c82f69750387/uploads/2022/03/2022030251.jpg]
[doj.gov.in/justice-clock/index.html]
[cdnbbsr.s3waas.gov.in/s35d6646aad9bcc0be55b2c82f69750387/uploads/2022/03/2022030243.jpg]
[doj.gov.in/secure-scalable-sugamya-website-as-a-service-s3waas/index.html]
[cdnbbsr.s3waas.gov.in/s35d6646aad9bcc0be55b2c82f69750387/uploads/2022/03/2022030218.jpg]
[cdnbbsr.s3waas.gov.in/s35d6646aad9bcc0be55b2c82f69750387/uploads/2022/03/2022030252.jpg]
[cdnbbsr.s3waas.gov.in/s35d6646aad9bcc0be55b2c82f69750387/uploads/2022/03/2022030233.jpg]
[doj.gov.in/digitization-of-records/index.html]
[cdnbbsr.s3waas.gov.in/s35d6646aad9bcc0be55b2c82f69750387/uploads/2022/03/2022030225.jpg]
[cdnbbsr.s3waas.gov.in/s35d6646aad9bcc0be55b2c82f69750387/uploads/2022/03/2022030217.jpg]
[doj.gov.in/information-education-communication-iec/index.html]
[cdnbbsr.s3waas.gov.in/s35d6646aad9bcc0be55b2c82f69750387/uploads/2022/02/2022022898-1.jpg]
[cdnbbsr.s3waas.gov.in/s35d6646aad9bcc0be55b2c82f69750387/uploads/2022/02/2022022820-1.jpg]
[cdnbbsr.s3waas.gov.in/s35d6646aad9bcc0be55b2c82f69750387/uploads/2022/02/2022022895.jpg]
[cdnbbsr.s3waas.gov.in/s35d6646aad9bcc0be55b2c82f69750387/uploads/2022/03/2022031576.jpg]
[cdnbbsr.s3waas.gov.in/s35d6646aad9bcc0be55b2c82f69750387/uploads/2022/03/2022031541.jpg]
[cdnbbsr.s3waas.gov.in/s35d6646aad9bcc0be55b2c82f69750387/uploads/2023/01/2023013033-scaled.jpg]
[doj.gov.in/awards-and-recognition/index.html]
[doj.gov.in/training-and-awareness-programs/index.html]
[doj.gov.in/outreach-material/index.html]
[doj.gov.in/designing-innovative-solutions-for-holistic-access-to-justice-disha/index.html]
[cdnbbsr.s3waas.gov.in/s35d6646aad9bcc0be55b2c82f69750387/uploads/2022/03/2022031452.jpg]
[cdnbbsr.s3waas.gov.in/s35d6646aad9bcc0be55b2c82f69750387/uploads/2023/11/202311031420155554.png]
[cdnbbsr.s3waas.gov.in/s35d6646aad9bcc0be55b2c82f69750387/uploads/2024/09/202409041300261616-scaled.jpg]
[doj.gov.in/about/index.html]
[cdnbbsr.s3waas.gov.in/s35d6646aad9bcc0be55b2c82f69750387/uploads/2022/09/2022091627-scaled.jpg]
[cdnbbsr.s3waas.gov.in/s35d6646aad9bcc0be55b2c82f69750387/uploads/2022/09/2022091667-scaled.jpg]
[cdnbbsr.s3waas.gov.in/s35d6646aad9bcc0be55b2c82f69750387/uploads/2022/09/2022091696-scaled.jpg]
[cdnbbsr.s3waas.gov.in/s35d6646aad9bcc0be55b2c82f69750387/uploads/2022/09/2022092362.jpg]
[cdnbbsr.s3waas.gov.in/s35d6646aad9bcc0be55b2c82f69750387/uploads/2022/09/2022092388-scaled.jpg]
[cdnbbsr.s3waas.gov.in/s35d6646aad9bcc0be55b2c82f69750387/uploads/2022/09/2022092333-scaled.jpg]
[cdnbbsr.s3waas.gov.in/s35d6646aad9bcc0be55b2c82f69750387/uploads/2022/09/2022092343-scaled.jpg]
[cdnbbsr.s3waas.gov.in/s35d6646aad9bcc0be55b2c82f69750387/uploads/2022/09/2022092975.jpg]
[cdnbbsr.s3waas.gov.in/s35d6646aad9bcc0be55b2c82f69750387/uploads/2022/09/2022092390-scaled.jpg]
[doj.gov.in/nyaya-bandhu-activities/index.html]
[cdnbbsr.s3waas.gov.in/s35d6646aad9bcc0be55b2c82f69750387/uploads/2022/09/2022092948.jpg]
[cdnbbsr.s3waas.gov.in/s35d6646aad9bcc0be55b2c82f69750387/uploads/2022/10/2022101078.png]
[cdnbbsr.s3waas.gov.in/s35d6646aad9bcc0be55b2c82f69750387/uploads/2022/10/2022101019.png]
[cdnbbsr.s3waas.gov.in/s35d6646aad9bcc0be55b2c82f69750387/uploads/2022/10/2022101095.png]
[cdnbbsr.s3waas.gov.in/s35d6646aad9bcc0be55b2c82f69750387/uploads/2022/10/2022101076.png]
[cdnbbsr.s3waas.gov.in/s35d6646aad9bcc0be55b2c82f69750387/uploads/2022/10/2022101094.png]
[cdnbbsr.s3waas.gov.in/s35d6646aad9bcc0be55b2c82f69750387/uploads/2022/10/2022101062.png]
[cdnbbsr.s3waas.gov.in/s35d6646aad9bcc0be55b2c82f69750387/uploads/2022/10/2022101068.png]
[cdnbbsr.s3waas.gov.in/s35d6646aad9bcc0be55b2c82f69750387/uploads/2022/10/2022101046.png]
[cdnbbsr.s3waas.gov.in/s35d6646aad9bcc0be55b2c82f69750387/uploads/2022/12/2022122675.jpg]
[cdnbbsr.s3waas.gov.in/s35d6646aad9bcc0be55b2c82f69750387/uploads/2022/10/2022101058.png]
[cdnbbsr.s3waas.gov.in/s35d6646aad9bcc0be55b2c82f69750387/uploads/2022/10/2022101039.png]
[cdnbbsr.s3waas.gov.in/s35d6646aad9bcc0be55b2c82f69750387/uploads/2022/10/2022101015.png]
[cdnbbsr.s3waas.gov.in/s35d6646aad9bcc0be55b2c82f69750387/uploads/2022/10/2022101038.jpg]
[cdnbbsr.s3waas.gov.in/s35d6646aad9bcc0be55b2c82f69750387/uploads/2023/11/202311091690302286.png]
[cdnbbsr.s3waas.gov.in/s35d6646aad9bcc0be55b2c82f69750387/uploads/2024/09/202409191238412186.jpg]
[cdnbbsr.s3waas.gov.in/s35d6646aad9bcc0be55b2c82f69750387/uploads/2024/09/202409191660668074.jpg]
[doj.gov.in/legal-literacy-legal-awareness/index.html]
[cdnbbsr.s3waas.gov.in/s35d6646aad9bcc0be55b2c82f69750387/uploads/2022/10/2022100399.png]
[cdnbbsr.s3waas.gov.in/s35d6646aad9bcc0be55b2c82f69750387/uploads/2022/10/2022100353.png]
[cdnbbsr.s3waas.gov.in/s35d6646aad9bcc0be55b2c82f69750387/uploads/2022/10/2022100316.jpg]
[cdnbbsr.s3waas.gov.in/s35d6646aad9bcc0be55b2c82f69750387/uploads/2022/10/2022100330.jpg]
[cdnbbsr.s3waas.gov.in/s35d6646aad9bcc0be55b2c82f69750387/uploads/2022/10/2022100363.png]
[cdnbbsr.s3waas.gov.in/s35d6646aad9bcc0be55b2c82f69750387/uploads/2022/10/2022100366.png]
[cdnbbsr.s3waas.gov.in/s35d6646aad9bcc0be55b2c82f69750387/uploads/2022/10/2022100348.png]
[cdnbbsr.s3waas.gov.in/s35d6646aad9bcc0be55b2c82f69750387/uploads/2022/10/2022100367.png]
[cdnbbsr.s3waas.gov.in/s35d6646aad9bcc0be55b2c82f69750387/uploads/2022/10/2022100341.png]
[cdnbbsr.s3waas.gov.in/s35d6646aad9bcc0be55b2c82f69750387/uploads/2022/10/2022100398.png]
[cdnbbsr.s3waas.gov.in/s35d6646aad9bcc0be55b2c82f69750387/uploads/2022/11/2022110110.jpg]
[cdnbbsr.s3waas.gov.in/s35d6646aad9bcc0be55b2c82f69750387/uploads/2022/11/2022112968.jpg]
[cdnbbsr.s3waas.gov.in/s35d6646aad9bcc0be55b2c82f69750387/uploads/2022/12/2022123064.jpg]
[cdnbbsr.s3waas.gov.in/s35d6646aad9bcc0be55b2c82f69750387/uploads/2023/02/2023020670.jpg]
[cdnbbsr.s3waas.gov.in/s35d6646aad9bcc0be55b2c82f69750387/uploads/2023/03/2023031367.jpg]
[cdnbbsr.s3waas.gov.in/s35d6646aad9bcc0be55b2c82f69750387/uploads/2023/04/2023040340.jpg]
[cdnbbsr.s3waas.gov.in/s35d6646aad9bcc0be55b2c82f69750387/uploads/2023/06/2023061448.jpg]
[cdnbbsr.s3waas.gov.in/s35d6646aad9bcc0be55b2c82f69750387/uploads/2023/07/2023072664.jpg]
[cdnbbsr.s3waas.gov.in/s35d6646aad9bcc0be55b2c82f69750387/uploads/2023/10/20231005202594057.jpg]
[cdnbbsr.s3waas.gov.in/s35d6646aad9bcc0be55b2c82f69750387/uploads/2023/11/20231103654238556.jpg]
[doj.gov.in/webinar/index.html]
[doj.gov.in/digital-library/index.html]
[doj.gov.in/assamese-language/index.html]
[doj.gov.in/bengali-language/index.html]
[doj.gov.in/bhutia-language/index.html]
[doj.gov.in/bodo-language/index.html]
[doj.gov.in/english-language/index.html]
[cdnbbsr.s3waas.gov.in/s35d6646aad9bcc0be55b2c82f69750387/uploads/2022/12/2022121393.png]
[cdnbbsr.s3waas.gov.in/s35d6646aad9bcc0be55b2c82f69750387/uploads/2022/12/2022121423.png]
[cdnbbsr.s3waas.gov.in/s35d6646aad9bcc0be55b2c82f69750387/uploads/2022/12/2022121475.png]
[cdnbbsr.s3waas.gov.in/s35d6646aad9bcc0be55b2c82f69750387/uploads/2022/12/2022121497.png]
[doj.gov.in/garo-language/index.html]
[cdnbbsr.s3waas.gov.in/s35d6646aad9bcc0be55b2c82f69750387/uploads/2022/12/2022121484.png]
[cdnbbsr.s3waas.gov.in/s35d6646aad9bcc0be55b2c82f69750387/uploads/2022/12/2022121477.png]
[cdnbbsr.s3waas.gov.in/s35d6646aad9bcc0be55b2c82f69750387/uploads/2022/12/2022121411.png]
[cdnbbsr.s3waas.gov.in/s35d6646aad9bcc0be55b2c82f69750387/uploads/2022/12/2022121418.png]
[doj.gov.in/hindi-language/index.html]
[cdnbbsr.s3waas.gov.in/s35d6646aad9bcc0be55b2c82f69750387/uploads/2022/12/2022121478.png]
[cdnbbsr.s3waas.gov.in/s35d6646aad9bcc0be55b2c82f69750387/uploads/2022/12/2022121453.png]
[cdnbbsr.s3waas.gov.in/s35d6646aad9bcc0be55b2c82f69750387/uploads/2022/12/2022121439.png]
[cdnbbsr.s3waas.gov.in/s35d6646aad9bcc0be55b2c82f69750387/uploads/2022/12/2022121499.png]
[cdnbbsr.s3waas.gov.in/s35d6646aad9bcc0be55b2c82f69750387/uploads/2022/12/2022121420.png]
[doj.gov.in/karbi-language/index.html]
[cdnbbsr.s3waas.gov.in/s35d6646aad9bcc0be55b2c82f69750387/uploads/2022/12/2022121472.png]
[cdnbbsr.s3waas.gov.in/s35d6646aad9bcc0be55b2c82f69750387/uploads/2022/12/2022121484-1.png]
[cdnbbsr.s3waas.gov.in/s35d6646aad9bcc0be55b2c82f69750387/uploads/2022/12/2022121471.png]
[cdnbbsr.s3waas.gov.in/s35d6646aad9bcc0be55b2c82f69750387/uploads/2022/12/2022121462.png]
[doj.gov.in/khashi-language/index.html]
[cdnbbsr.s3waas.gov.in/s35d6646aad9bcc0be55b2c82f69750387/uploads/2022/12/2022121452.png]
[cdnbbsr.s3waas.gov.in/s35d6646aad9bcc0be55b2c82f69750387/uploads/2022/12/2022121418-1.png]
[cdnbbsr.s3waas.gov.in/s35d6646aad9bcc0be55b2c82f69750387/uploads/2022/12/2022121452-1.png]
[doj.gov.in/videos/index.html]
[doj.gov.in/access-to-justice-for-the-marginalized/index.html]
[doj.gov.in/about-hamara-samvidhan-hamara-samman/index.html]
[doj.gov.in/overview/index.html]
[doj.gov.in/nav-bharat-nav-sankalp-overview/index.html]
[doj.gov.in/vidhi-jagriti-abhiyan-overview/index.html]
[doj.gov.in/samvidhan-katta-about/index.html]
[doj.gov.in/guidelines-for-submission/index.html]
[doj.gov.in/media/index.html]
[doj.gov.in/national-event-overview/index.html]
[doj.gov.in/gallery/inauguration-of-the-campaign-hamara-samman-hamara-samvidhan-at-international-ambedkar-centre-24th-jan-2024/index.html]
[doj.gov.in/1st-regional-event-overview/index.html]
[doj.gov.in/gallery/hamara-samman-hamara-samvidhan-event-at-maharaja-ganga-singh-university-bikaner-9th-march-2024/index.html]
[doj.gov.in/2nd-regional-event-overview/index.html]
[doj.gov.in/media-2/index.html]
[doj.gov.in/gallery/hamara-samvidhan-hamara-samman-2nd-regional-event-at-prayagraj-uttar-pradesh-16th-july-2024/index.html]
[doj.gov.in/photos/index.html]
[doj.gov.in/videos-2/index.html]
[doj.gov.in/category/press-release/index.html]
[doj.gov.in/photo-gallery/index.html]
[doj.gov.in/video-gallery/index.html]
[doj.gov.in/events/index.html]
[doj.gov.in/national-legal-services-authority-nalsa/index.html]
[doj.gov.in/parliament-questions/index.html]
[doj.gov.in/notice-category/recruitments/index.html]
[doj.gov.in/notice-category/tenders/index.html]
[doj.gov.in/right-to-information-rti/index.html]
[doj.gov.in/pfms-orders/index.html]
[doj.gov.in/schemes/index.html]
[doj.gov.in/gallery/har-ghar-tiranga-9th-15th-august-2024/index.html]
[doj.gov.in/document/हिंदी-दिवस-हिंदी-पखवाड़ा-2024/index.html]
[doj.gov.in/allocation-of-business-rules-1961/index.html]
[doj.gov.in/document/order-of-appointment-of-ms-r-poornima-and-02-other-judicial-officers-as-addl-judges-of-madras-high-court-21-09-2024/index.html]
[doj.gov.in/document/transfer-of-shri-justice-shri-justice-m-s-ramachandra-rao-cj-of-himachal-pradesh-high-court-as-cj-of-jharkhand-high-court-21-09-2024/index.html]
[doj.gov.in/document/order-of-appointment-of-shri-justice-k-r-shriram-judge-bombay-high-court-as-chief-justice-of-madras-high-court-21-09-2024/index.html]
[doj.gov.in/document/order-of-appointment-of-shri-justice-tashi-rabstan-judge-jk-and-ladakh-high-court-as-chief-justice-of-jk-and-ladakh-high-court-21-09-2024/index.html]
[doj.gov.in/document/order-of-appointment-of-shri-justice-nitin-madhukar-jamdar-judge-bombay-high-court-as-chief-justice-of-kerala-high-court-21-09-2024/index.html]
[doj.gov.in/document/order-of-appointment-of-shri-justice-indra-prasanna-mukerji-judge-calcutta-high-court-as-chief-justice-of-meghalaya-high-court-21-09-2024/index.html]
[doj.gov.in/document/order-of-appointment-of-shri-justice-suresh-kumar-kait-judge-delhi-high-court-as-chief-justice-of-madhya-pradesh-high-court-21-09-2024/index.html]
[doj.gov.in/document/order-of-appointment-of-justice-rajiv-shakdher-judge-delhi-high-court-as-chief-justice-of-himachal-pradesh-high-court-21-09-2024/index.html]
[doj.gov.in/document/order-of-appointment-of-shri-justice-manmohan-judge-delhi-high-court-as-chie-justice-of-delhi-high-court-21-09-2024/index.html]
[doj.gov.in/document/order-of-appointment-of-smt-lekshmana-chandra-victoria-gowri-and-04-other-additional-judges-of-the-madras-high-court-as-permanent-judges-of-that-high-court-20-09-2024/index.html]
[doj.gov.in/national-judicial-data-grid-2/index.html]
[doj.gov.in/live-streaming-of-court-cases/index.html]
[doj.gov.in/annual-reports/index.html]
[doj.gov.in/budget-information/index.html]
[doj.gov.in/law-commission-reports-having-doj-interface/index.html]
[doj.gov.in/division/appointments/index.html]
[doj.gov.in/division/national-mission-for-justice-delivery-and-legal-reforms/index.html]
[doj.gov.in/division/access-to-justice/index.html]
[doj.gov.in/division/ecourts/index.html]
[doj.gov.in/division/justice-i/index.html]
[doj.gov.in/division/justice-ii/index.html]
[doj.gov.in/division/administration/index.html]
[doj.gov.in/website-policies/index.html]
[doj.gov.in/hyperlinking-policy/index.html]
[doj.gov.in/copyright-policy/index.html]
[doj.gov.in/privacy-policy/index.html]
[doj.gov.in/terms-and-conditions/index.html]
[doj.gov.in/feedback/index.html]
[doj.gov.in/contact-us/index.html]
[doj.gov.in/faq/index.html]
[doj.gov.in/web-information-manager/index.html]
[doj.gov.in/visitor-summary/index.html]
[doj.gov.in/wp-content/plugins/js_composer/assets/lib/flexslider/flexslider.min9c09.css]
[doj.gov.in/wp-content/plugins/awas-shortcode/assets/css/custom-flexsliderb6a4.css]
[doj.gov.in/wp-content/plugins/awas-shortcode/assets/css/news-tickerb6a4.css]
[doj.gov.in/wp-content/plugins/awas-shortcode/assets/css/list-style.minb6a4.css]
[doj.gov.in/wp-content/plugins/awas-shortcode/assets/css/component-helperb6a4.css]
[doj.gov.in/wp-content/plugins/awas-shortcode/assets/css/profile-hmb6a4.css]
[doj.gov.in/wp-content/plugins/awas-shortcode/assets/css/cardb6a4.css]
[doj.gov.in/wp-content/plugins/awas-shortcode/assets/css/ad-bannerb6a4.css]
[doj.gov.in/wp-content/plugins/awas-shortcode/assets/css/photo-gallery-homeb6a4.css]
[doj.gov.in/wp-content/plugins/awas-shortcode/assets/css/footer-logo-carouselb6a4.css]
[doj.gov.in/wp-content/themes/sdo-theme/fonts/icomooncb5a.svg]
[doj.gov.in/wp-content/themes/sdo-theme/css/fonts/flexslider-icon.html]
[doj.gov.in/wp-content/themes/sdo-theme/css/fonts/flexslider-icon-2.html]
[doj.gov.in/wp-content/themes/sdo-theme/css/addons/blank.html]
[doj.gov.in/wp-content/plugins/js_composer/assets/fonts/vc_icons_v2/fonts/vcpb-plugin-iconsb82a.svg]
[doj.gov.in/wp-content/plugins/js_composer/assets/vc/blur.svg]
[doj.gov.in/wp-content/plugins/js_composer/assets/fonts/vc_grid/vc_grid_v157a1.svg]
[doj.gov.in/wp-content/plugins/awaas-accessibility/fonts/fontawesome-webfont3e6e.svg]
[doj.gov.in/wp-json/wp/v2/pages/711.json]
[doj.gov.in/indexa308.html]
[doj.gov.in/wp-json/oembed/1.0/embedac72.json]
[doj.gov.in/wp-json/oembed/1.0/embedbd66]
[doj.gov.in/hi/साइटमैप/index.html]
[doj.gov.in/wp-content/themes/sdo-theme/images/print_icon.svg]
[doj.gov.in/wp-content/themes/sdo-theme/images/share_icon.svg]
[doj.gov.in/wp-content/themes/sdo-theme/images/facebook_social_icon.svg]
[doj.gov.in/wp-content/themes/sdo-theme/images/twitter_social_icon.svg]
[doj.gov.in/wp-content/themes/sdo-theme/images/linkedin_social_icon.svg]
[doj.gov.in/wp-json/wp/v2/pages/724.json]
[doj.gov.in/index52c0.html]
[doj.gov.in/wp-json/oembed/1.0/embed86ff.json]
[doj.gov.in/wp-json/oembed/1.0/embed4439]
[doj.gov.in/hi/सहायता/index.html]
[doj.gov.in/wp-json/wp/v2/pages/11822.json]
[doj.gov.in/wp-json/oembed/1.0/embed3472.json]
[doj.gov.in/wp-json/oembed/1.0/embed47c4]
[doj.gov.in/hi/इतिहास/index.html]
[doj.gov.in/hi/विभाग-के-बारे-में/index.html]
[doj.gov.in/hi/about-department/प्रस्तावना/index.html]
[doj.gov.in/hi/about-department/कार्य/index.html]
[doj.gov.in/hi/संगठन-चार्ट/index.html]
[doj.gov.in/hi/about-department/प्रशासनिक-सेटअप/index.html]
[doj.gov.in/hi/कौन-क्या-है/index.html]
[doj.gov.in/hi/मासिक-उपलब्धियां/index.html]
[doj.gov.in/hi/नियम-और-अधिनियम/index.html]
[doj.gov.in/hi/सिटीजन-चार्टर/index.html]
[doj.gov.in/वेबसाइट-सूचना-प्रबंधक/index.html]
[doj.gov.in/hi/नियुक्ति-एवं-स्थानांतरण/index.html]
[doj.gov.in/hi/उच्चतम-न्यायालय-के-न्याय/index.html]
[doj.gov.in/hi/उच्च-न्यायालय-के-न्यायाध/index.html]
[doj.gov.in/hi/उच्च-न्यायालय-के-न्यायाध-2/index.html]
[doj.gov.in/hi/रिक्तियों-की-स्थिति-2/index.html]
[doj.gov.in/hi/वेतन-भत्ता-और-पेंशन/index.html]
[doj.gov.in/hi/पहला-राष्ट्रीय-न्यायिक-व/index.html]
[doj.gov.in/hi/दूसरा-राष्ट्रीय-न्यायिक/index.html]
[doj.gov.in/hi/अन्य-देशों-के-साथ-हस्ताक्/index.html]
[doj.gov.in/hi/दिल्ली-जिला-न्यायालयों-क/index.html]
[doj.gov.in/hi/हिन्दी-और-क्षेत्रीय-भाषा/index.html]
[doj.gov.in/hi/लोक-शिकायत-का-निवारण/index.html]
[doj.gov.in/hi/फास्ट-ट्रैक-स्पेशल-कोर्ट/index.html]
[doj.gov.in/hi/special-courts-for-mp-mla-hindi/index.html]
[doj.gov.in/hi/fast-track-courts-hindi/index.html]
[doj.gov.in/hi/कुटुंब-न्यायालय/index.html]
[doj.gov.in/hi/राष्ट्रीय-न्यायिक-अकादमी/index.html]
[doj.gov.in/hi/विजन-दस्तावेज/index.html]
[doj.gov.in/hi/सलाहकार-परिषद/index.html]
[doj.gov.in/hi/न्यायिक-सुधार-पर-कार्य-अन/index.html]
[doj.gov.in/hi/परियोजना-iii/index.html]
[doj.gov.in/hi/कम्प्यूटरीकरण-और-वैन-कने/index.html]
[doj.gov.in/hi/सीआईएस-और-कोविड-प्रबंधन-प/index.html]
[doj.gov.in/hi/राष्ट्रीय-न्यायिक-डाटा-ग/index.html]
[doj.gov.in/hi/वर्चुअल-अदालतें/index.html]
[doj.gov.in/hi/वीडियो-कॉन्फ्रेंसिंग/index.html]
[doj.gov.in/hi/लाइव-स्ट्रीमिंग/index.html]
[doj.gov.in/hi/ई-फाइलिंग/index.html]
[doj.gov.in/hi/ई-पेमेंट/index.html]
[doj.gov.in/hi/ई-सेवा-केंद्र/index.html]
[doj.gov.in/hi/ई-कोर्ट-सेवाएँ/index.html]
[doj.gov.in/hi/जजमेंट-सर्च-पोर्टल/index.html]
[doj.gov.in/hi/नेशनल-सर्विस-एंड-ट्रैकिं/index.html]
[doj.gov.in/hi/जस्टिस-क्लॉक/index.html]
[doj.gov.in/hi/सेवा-के-रूप-में-सुरक्षित-स/index.html]
[doj.gov.in/hi/अभिलेखों-का-डिजिटीकरण/index.html]
[doj.gov.in/hi/सूचना-शिक्षा-और-संचार-आईई/index.html]
[doj.gov.in/hi/पुरस्कार-और-मान्यता/index.html]
[doj.gov.in/hi/प्रशिक्षण-और-जागरूकता-का/index.html]
[doj.gov.in/hi/डिजाइनिंग-इनोवेटिव-सोल्य/index.html]
[doj.gov.in/hi/बारे-में-4/index.html]
[doj.gov.in/hi/न्याय-बंधु-गतिविधियां/index.html]
[doj.gov.in/hi/a2j-nejk-project-hindi/index.html]
[doj.gov.in/hi/वेबिनार/index.html]
[doj.gov.in/hi/विभिन्न-भाषाओं-में-जानका/index.html]
[doj.gov.in/hi/वीडियो/index.html]
[doj.gov.in/hi/बारे-में-3/index.html]
[doj.gov.in/hi/हमारा-संविधान-हमारा-सम्म/index.html]
[doj.gov.in/hi/सबको-न्याय-हर-घर-न्याय-अवल/index.html]
[doj.gov.in/hi/नव-भारत-नव-संकल्प-अवलोकन/index.html]
[doj.gov.in/hi/विधि-जागृति-अभियान-अवलोक/index.html]
[doj.gov.in/hi/मिडिया/index.html]
[doj.gov.in/hi/फोटो-गैलरी-2/index.html]
[doj.gov.in/hi/वीडियो-2/index.html]
[doj.gov.in/hi/category/प्रेस-विज्ञप्ति/index.html]
[doj.gov.in/hi/फोटो-गैलरी/index.html]
[doj.gov.in/hi/वीडियो-गैलरी/index.html]
[doj.gov.in/hi/पिछली-घटनाएं/index.html]
[doj.gov.in/hi/राष्ट्रीय-विधिक-सेवा-प्र/index.html]
[doj.gov.in/audio-gallery/index.html]
[doj.gov.in/hi/संसदीय-प्रश्न/index.html]
[doj.gov.in/hi/notice-category/नियुक्ति/index.html]
[doj.gov.in/hi/notice-category/निविदाएं/index.html]
[doj.gov.in/hi/आरटीआई/index.html]
[doj.gov.in/hi/पीएफ़एमएस-आदेश/index.html]
[doj.gov.in/hi/योजना-समेकित-दिशानिर्द/index.html]
[doj.gov.in/hi/document/हिंदी-दिवस-हिंदी-पखवाड़ा-2024-2/index.html]
[doj.gov.in/hi/document/जुलाई-2024-की-मासिक-उपलब्धि-2/index.html]
[doj.gov.in/hi/document/जून-2024-की-मासिक-उपलब्धि/index.html]
[doj.gov.in/hi/document/मई-2024-के-लिए-मासिक-उपलब्धि/index.html]
[doj.gov.in/hi/document/अप्रैल-2024-के-लिए-मासिक-उपलब्/index.html]
[doj.gov.in/hi/document/मार्च-2024-के-लिए-मासिक-उपलब्ध/index.html]
[doj.gov.in/hi/document/फरवरी-2024-के-लिए-मासिक-उपलब्ध/index.html]
[doj.gov.in/hi/document/जनवरी-2024-की-मासिक-उपलब्धि/index.html]
[doj.gov.in/hi/document/दिसंबर-2023-की-मासिक-उपलब्धि/index.html]
[doj.gov.in/नया-क्या-है/index.html]
[doj.gov.in/hi/राष्ट्रीय-न्यायिक-डाटा-ग-2/index.html]
[doj.gov.in/hi/न्यायालय-मामलों-की-लाइव-स/index.html]
[doj.gov.in/pay-your-traffic-fine-here/index.html]
[doj.gov.in/hi/division/न्याय-ii-2/index.html]
[doj.gov.in/hi/division/नियुक्ति/index.html]
[doj.gov.in/hi/division/न्याय-प्रदायगी-और-विधिक-स/index.html]
[doj.gov.in/hi/division/न्याय-तक-पहुँच/index.html]
[doj.gov.in/hi/division/ई-कोर्ट्स/index.html]
[doj.gov.in/hi/division/न्याय-i/index.html]
[doj.gov.in/hi/division/न्याय-ii/index.html]
[doj.gov.in/hi/division/प्रशासन/index.html]
[doj.gov.in/hi/वेबसाइट-नीतियां/index.html]
[doj.gov.in/hi/नियम-और-शर्तें/index.html]
[doj.gov.in/hi/प्रतिक्रिया/index.html]
[doj.gov.in/hi/हमसे-संपर्क-करें/index.html]
[doj.gov.in/hi/अक्सर-पूछे-जाने-वाले-प्रश/index.html]
[doj.gov.in/hi/वेब-सूचना-प्रबंधक/index.html]
[doj.gov.in/hi/आगंतुक-सारांश/index.html]
[doj.gov.in/wp-json/wp/v2/pages/19856.json]
[doj.gov.in/indexcbfe.html]
[doj.gov.in/wp-json/oembed/1.0/embedf5d0.json]
[doj.gov.in/wp-json/oembed/1.0/embed25d4]
[doj.gov.in/wp-json/wp/v2/pages/19658.json]
[doj.gov.in/indexfdd2.html]
[doj.gov.in/wp-json/oembed/1.0/embed0efa.json]
[doj.gov.in/wp-json/oembed/1.0/embed2165]
[doj.gov.in/index50ca.html]
[doj.gov.in/wp-json/oembed/1.0/embed0af5.json]
[doj.gov.in/wp-json/oembed/1.0/embed3f04]
[doj.gov.in/index8fbb.html]
[doj.gov.in/wp-json/oembed/1.0/embed307e.json]
[doj.gov.in/wp-json/oembed/1.0/embedd942]
[doj.gov.in/wp-json/wp/v2/pages/4000.json]
[doj.gov.in/index854d.html]
[doj.gov.in/wp-json/oembed/1.0/embedb492.json]
[doj.gov.in/wp-json/oembed/1.0/embeda03b]
[doj.gov.in/index8fec.html]
[doj.gov.in/wp-json/oembed/1.0/embed49cf.json]
[doj.gov.in/wp-json/oembed/1.0/embedf28d]
[doj.gov.in/wp-json/wp/v2/pages/194.json]
[doj.gov.in/indexc8fa.html]
[doj.gov.in/wp-json/oembed/1.0/embedb5c0.json]
[doj.gov.in/wp-json/oembed/1.0/embed8977]
[doj.gov.in/wp-content/themes/sdo-theme/images/loader.svg]
[doj.gov.in/wp-json/wp/v2/pages/6525.json]
[doj.gov.in/index19ed.html]
[doj.gov.in/wp-json/oembed/1.0/embed7d11.json]
[doj.gov.in/wp-json/oembed/1.0/embeddbf6]
[doj.gov.in/monthly-achievements-month-wise/page/2/index.html]
[doj.gov.in/monthly-achievements-month-wise/page/3/index.html]
[doj.gov.in/wp-json/wp/v2/pages/11402.json]
[doj.gov.in/indexc32c.html]
[doj.gov.in/wp-json/oembed/1.0/embed709e.json]
[doj.gov.in/wp-json/oembed/1.0/embed74cf]
[doj.gov.in/wp-json/wp/v2/pages/7095.json]
[doj.gov.in/indexa835.html]
[doj.gov.in/wp-json/oembed/1.0/embed2fbd.json]
[doj.gov.in/wp-json/oembed/1.0/embedbd76]
[doj.gov.in/wp-json/wp/v2/pages/7897.json]
[doj.gov.in/indexc2f6.html]
[doj.gov.in/wp-json/oembed/1.0/embed6ed4.json]
[doj.gov.in/wp-json/oembed/1.0/embedf638]
[doj.gov.in/wp-json/wp/v2/pages/12719.json]
[doj.gov.in/index5ae3.html]
[doj.gov.in/wp-json/oembed/1.0/embedc967.json]
[doj.gov.in/wp-json/oembed/1.0/embedd293]
[doj.gov.in/latest-orders-of-appointment-transfer-etc/page/2/index.html]
[doj.gov.in/latest-orders-of-appointment-transfer-etc/page/3/index.html]
[doj.gov.in/latest-orders-of-appointment-transfer-etc/page/4/index.html]
[doj.gov.in/latest-orders-of-appointment-transfer-etc/page/5/index.html]
[doj.gov.in/latest-orders-of-appointment-transfer-etc/page/12/index.html]
[doj.gov.in/wp-json/wp/v2/pages/6539.json]
[doj.gov.in/index17cf.html]
[doj.gov.in/wp-json/oembed/1.0/embed9c5a.json]
[doj.gov.in/wp-json/oembed/1.0/embedb7fe]
[doj.gov.in/wp-json/wp/v2/pages/6547.json]
[doj.gov.in/index46d6.html]
[doj.gov.in/wp-json/oembed/1.0/embed7e7a.json]
[doj.gov.in/wp-json/oembed/1.0/embed5f46]
[doj.gov.in/wp-json/wp/v2/pages/12055.json]
[doj.gov.in/index71d4.html]
[doj.gov.in/wp-json/oembed/1.0/embed95fe.json]
[doj.gov.in/wp-json/oembed/1.0/embed1cc6]
[doj.gov.in/wp-json/wp/v2/pages/15530.json]
[doj.gov.in/index4e21.html]
[doj.gov.in/wp-json/oembed/1.0/embedf6a8.json]
[doj.gov.in/wp-json/oembed/1.0/embed5e3a]
[doj.gov.in/supreme-court-3/index.html]
[doj.gov.in/wp-json/wp/v2/pages/7466.json]
[doj.gov.in/indexdaff.html]
[doj.gov.in/wp-json/oembed/1.0/embede478.json]
[doj.gov.in/wp-json/oembed/1.0/embedc290]
[doj.gov.in/wp-json/wp/v2/pages/7470.json]
[doj.gov.in/indexa7d8.html]
[doj.gov.in/wp-json/oembed/1.0/embedb5f0.json]
[doj.gov.in/wp-json/oembed/1.0/embeda44f]
[doj.gov.in/wp-json/wp/v2/pages/7473.json]
[doj.gov.in/index5b66.html]
[doj.gov.in/wp-json/oembed/1.0/embede850.json]
[doj.gov.in/wp-json/oembed/1.0/embed9362]
[doj.gov.in/wp-json/wp/v2/pages/7479.json]
[doj.gov.in/index3234.html]
[doj.gov.in/wp-json/oembed/1.0/embed2964.json]
[doj.gov.in/wp-json/oembed/1.0/embed15cf]
[doj.gov.in/wp-json/wp/v2/pages/7475.json]
[doj.gov.in/index6ca3.html]
[doj.gov.in/wp-json/oembed/1.0/embedf594.json]
[doj.gov.in/wp-json/oembed/1.0/embedb9cf]
[doj.gov.in/wp-json/wp/v2/pages/7477.json]
[doj.gov.in/indexc8f5.html]
[doj.gov.in/wp-json/oembed/1.0/embed3677.json]
[doj.gov.in/wp-json/oembed/1.0/embedc340]
[doj.gov.in/wp-json/wp/v2/pages/7481.json]
[doj.gov.in/index503b.html]
[doj.gov.in/wp-json/oembed/1.0/embedda2e.json]
[doj.gov.in/wp-json/oembed/1.0/embed82fc]
[doj.gov.in/wp-json/wp/v2/pages/7894.json]
[doj.gov.in/indexb0f2.html]
[doj.gov.in/wp-json/oembed/1.0/embede0a0.json]
[doj.gov.in/wp-json/oembed/1.0/embedd5fc]
[doj.gov.in/hi/शिकायतों-के-दिशानिर्देश/index.html]
[doj.gov.in/wp-json/wp/v2/pages/8553.json]
[doj.gov.in/index3394.html]
[doj.gov.in/wp-json/oembed/1.0/embed2292.json]
[doj.gov.in/wp-json/oembed/1.0/embeda21f]
[doj.gov.in/wp-json/wp/v2/pages/6669.json]
[doj.gov.in/index2dc2.html]
[doj.gov.in/wp-json/oembed/1.0/embede835.json]
[doj.gov.in/wp-json/oembed/1.0/embed63a2]
[doj.gov.in/wp-json/wp/v2/pages/15446.json]
[doj.gov.in/index3a92.html]
[doj.gov.in/wp-json/oembed/1.0/embedfae6.json]
[doj.gov.in/wp-json/oembed/1.0/embeda676]
[doj.gov.in/wp-json/wp/v2/pages/6678.json]
[doj.gov.in/index2a3f.html]
[doj.gov.in/wp-json/oembed/1.0/embed801e.json]
[doj.gov.in/wp-json/oembed/1.0/embedb90c]
[doj.gov.in/wp-json/wp/v2/pages/6674.json]
[doj.gov.in/index66ce.html]
[doj.gov.in/wp-json/oembed/1.0/embed6dc5.json]
[doj.gov.in/wp-json/oembed/1.0/embed71a8]
[doj.gov.in/wp-json/wp/v2/pages/7821.json]
[doj.gov.in/index21f3.html]
[doj.gov.in/wp-json/oembed/1.0/embed236c.json]
[doj.gov.in/wp-json/oembed/1.0/embed2c2c]
[doj.gov.in/wp-json/wp/v2/pages/6579.json]
[doj.gov.in/index2a10.html]
[doj.gov.in/wp-json/oembed/1.0/embed16cd.json]
[doj.gov.in/wp-json/oembed/1.0/embed2d38]
[doj.gov.in/wp-json/wp/v2/pages/6583.json]
[doj.gov.in/index9bb3.html]
[doj.gov.in/wp-json/oembed/1.0/embed9b0f.json]
[doj.gov.in/wp-json/oembed/1.0/embed75a2]
[doj.gov.in/minutes-of-advisory-council-meetings-2/index.html]
[doj.gov.in/wp-json/wp/v2/pages/11440.json]
[doj.gov.in/index5317.html]
[doj.gov.in/wp-json/oembed/1.0/embed212d.json]
[doj.gov.in/wp-json/oembed/1.0/embed2180]
[doj.gov.in/guidelines/index.html]
[doj.gov.in/final-report/index.html]
[doj.gov.in/sanction-orders-for-releasing-grants-in-respect-of-research-projects-under-the-scheme-of-action-research-and-studies-on-judicial-reforms-during-2024-25/index.html]
[doj.gov.in/sanction-orders-for-releasing-grants-in-respect-of-research-projects-under-the-scheme-of-action-research-and-studies-on-judicial-reforms-during-2023-24-2/index.html]
[doj.gov.in/sanction-orders-for-releasing-grants-in-respect-of-research-projects-under-the-scheme-of-action-research-and-studies-on-judicial-reforms-during-2022-23/index.html]
[doj.gov.in/sanction-orders-for-releasing-grants-in-respect-of-research-projects-under-the-scheme-of-action-research-and-studies-on-judicial-reforms-during-2021-22/index.html]
[doj.gov.in/sanction-orders-for-releasing-grants-in-respect-of-research-projects-under-the-scheme-of-action-research-and-studies-on-judicial-reforms-during-2019-20/index.html]
[doj.gov.in/sanction-orders-for-releasing-grants-in-respect-of-research-projects-under-the-scheme-of-action-research-and-studies-on-judicial-reforms-during-2018-19/index.html]
[doj.gov.in/sanction-orders-for-releasing-grants-in-respect-of-research-projects-under-the-scheme-of-action-research-and-studies-on-judicial-reforms-during-2017-18/index.html]
[doj.gov.in/sanction-orders-for-releasing-grants-in-respect-of-research-projects-under-the-scheme-of-action-research-and-studies-on-judicial-reforms-during-2016-17/index.html]
[doj.gov.in/wp-content/plugins/js_composer/assets/css/js_composer_tta.min9c09.css]
[doj.gov.in/wp-json/wp/v2/pages/8244.json]
[doj.gov.in/indexce4e.html]
[doj.gov.in/wp-json/oembed/1.0/embed5e98.json]
[doj.gov.in/wp-json/oembed/1.0/embed70a9]
[doj.gov.in/wp-json/wp/v2/pages/10331.json]
[doj.gov.in/index85e3.html]
[doj.gov.in/wp-json/oembed/1.0/embed0b30.json]
[doj.gov.in/wp-json/oembed/1.0/embedaed8]
[doj.gov.in/wp-json/wp/v2/pages/10309.json]
[doj.gov.in/index2bdc.html]
[doj.gov.in/wp-json/oembed/1.0/embed5175.json]
[doj.gov.in/wp-json/oembed/1.0/embed7aba]
[doj.gov.in/wp-json/wp/v2/pages/10359.json]
[doj.gov.in/indexf1b5.html]
[doj.gov.in/wp-json/oembed/1.0/embedd2fd.json]
[doj.gov.in/wp-json/oembed/1.0/embedefbf]
[doj.gov.in/wp-json/wp/v2/pages/10339.json]
[doj.gov.in/indexa029.html]
[doj.gov.in/wp-json/oembed/1.0/embed67f1.json]
[doj.gov.in/wp-json/oembed/1.0/embed46ea]
[doj.gov.in/wp-json/wp/v2/pages/10355.json]
[doj.gov.in/indexa1ae.html]
[doj.gov.in/wp-json/oembed/1.0/embed17f0.json]
[doj.gov.in/wp-json/oembed/1.0/embed630c]
[doj.gov.in/wp-json/wp/v2/pages/10353.json]
[doj.gov.in/index278d.html]
[doj.gov.in/wp-json/oembed/1.0/embed9877.json]
[doj.gov.in/wp-json/oembed/1.0/embed3cad]
[doj.gov.in/wp-json/wp/v2/pages/10350.json]
[doj.gov.in/index0005.html]
[doj.gov.in/wp-json/oembed/1.0/embed5b3e.json]
[doj.gov.in/wp-json/oembed/1.0/embeda64f]
[doj.gov.in/wp-json/wp/v2/pages/10347.json]
[doj.gov.in/index3038.html]
[doj.gov.in/wp-json/oembed/1.0/embed3dc1.json]
[doj.gov.in/wp-json/oembed/1.0/embeda2d8]
[doj.gov.in/wp-json/wp/v2/pages/10344.json]
[doj.gov.in/index003d.html]
[doj.gov.in/wp-json/oembed/1.0/embeddd07.json]
[doj.gov.in/wp-json/oembed/1.0/embedc021]
[doj.gov.in/wp-json/wp/v2/pages/10341.json]
[doj.gov.in/indexe948.html]
[doj.gov.in/wp-json/oembed/1.0/embed768d.json]
[doj.gov.in/wp-json/oembed/1.0/embedf199]
[doj.gov.in/wp-json/wp/v2/pages/10362.json]
[doj.gov.in/index89b0.html]
[doj.gov.in/wp-json/oembed/1.0/embed9ed8.json]
[doj.gov.in/wp-json/oembed/1.0/embed43b9]
[doj.gov.in/wp-json/wp/v2/pages/10370.json]
[doj.gov.in/index1b66.html]
[doj.gov.in/wp-json/oembed/1.0/embedfbaf.json]
[doj.gov.in/wp-json/oembed/1.0/embedd47b]
[doj.gov.in/wp-json/wp/v2/pages/10379.json]
[doj.gov.in/indexc414.html]
[doj.gov.in/wp-json/oembed/1.0/embed1f92.json]
[doj.gov.in/wp-json/oembed/1.0/embed9c32]
[doj.gov.in/wp-json/wp/v2/pages/10375.json]
[doj.gov.in/index5c6e.html]
[doj.gov.in/wp-json/oembed/1.0/embedf10f.json]
[doj.gov.in/wp-json/oembed/1.0/embed9179]
[doj.gov.in/wp-json/wp/v2/pages/10385.json]
[doj.gov.in/indexc927.html]
[doj.gov.in/wp-json/oembed/1.0/embedcee6.json]
[doj.gov.in/wp-json/oembed/1.0/embeddff8]
[doj.gov.in/wp-json/wp/v2/pages/10372.json]
[doj.gov.in/indexd997.html]
[doj.gov.in/wp-json/oembed/1.0/embed985a.json]
[doj.gov.in/wp-json/oembed/1.0/embede525]
[doj.gov.in/wp-json/wp/v2/pages/10335.json]
[doj.gov.in/indexaf8e.html]
[doj.gov.in/wp-json/oembed/1.0/embedf1d5.json]
[doj.gov.in/wp-json/oembed/1.0/embed69d5]
[doj.gov.in/wp-json/wp/v2/pages/8309.json]
[doj.gov.in/indexb1d1.html]
[doj.gov.in/wp-json/oembed/1.0/embedc518.json]
[doj.gov.in/wp-json/oembed/1.0/embed8eb3]
[doj.gov.in/outreach-material/index.html]
[doj.gov.in/wp-json/wp/v2/pages/11999.json]
[doj.gov.in/index1985.html]
[doj.gov.in/wp-json/oembed/1.0/embeda130.json]
[doj.gov.in/wp-json/oembed/1.0/embeda493]
[doj.gov.in/wp-json/wp/v2/pages/24966.json]
[doj.gov.in/index4c9a.html]
[doj.gov.in/wp-json/oembed/1.0/embedbfc9.json]
[doj.gov.in/wp-json/oembed/1.0/embedf5cc]
[doj.gov.in/wp-json/wp/v2/pages/16337.json]
[doj.gov.in/index8cc0.html]
[doj.gov.in/wp-json/oembed/1.0/embedc43b.json]
[doj.gov.in/wp-json/oembed/1.0/embed1d4e]
[doj.gov.in/wp-json/wp/v2/pages/6655.json]
[doj.gov.in/index20d5.html]
[doj.gov.in/wp-json/oembed/1.0/embedf74d.json]
[doj.gov.in/wp-json/oembed/1.0/embed4acd]
[doj.gov.in/wp-json/wp/v2/pages/17050.json]
[doj.gov.in/indexcf5c.html]
[doj.gov.in/wp-json/oembed/1.0/embed567c.json]
[doj.gov.in/wp-json/oembed/1.0/embed91f6]
[doj.gov.in/wp-json/wp/v2/pages/20638.json]
[doj.gov.in/index72c3.html]
[doj.gov.in/wp-json/oembed/1.0/embedfe86.json]
[doj.gov.in/wp-json/oembed/1.0/embed3255]
[doj.gov.in/assamese-language/index.html]
[doj.gov.in/bengali-language/index.html]
[doj.gov.in/bhutia-language/index.html]
[doj.gov.in/bodo-language/index.html]
[doj.gov.in/english-language/index.html]
[doj.gov.in/garo-language/index.html]
[doj.gov.in/hindi-language/index.html]
[doj.gov.in/karbi-language/index.html]
[doj.gov.in/khashi-language/index.html]
[doj.gov.in/kokborok-language/index.html]
[doj.gov.in/lepcha-language/index.html]
[doj.gov.in/limboo-language/index.html]
[doj.gov.in/manipuri-language/index.html]
[doj.gov.in/nepali-language/index.html]
[doj.gov.in/paite-dialect-language/index.html]
[doj.gov.in/rabia-language/index.html]
[doj.gov.in/thadou-dialect-language/index.html]
[doj.gov.in/wp-json/wp/v2/pages/17062.json]
[doj.gov.in/indexd90f.html]
[doj.gov.in/wp-json/oembed/1.0/embed58b1.json]
[doj.gov.in/wp-json/oembed/1.0/embed1ba1]
